[0.008s] Invoking command in '/home/tars-go/Downloads/rune/build/power_rune': CMAKE_PREFIX_PATH=/opt/ros/humble /usr/local/bin/cmake --build /home/tars-go/Downloads/rune/build/power_rune -- -j16 -l16
[0.024s] [ 25%] Built target power_rune_node
[0.038s] [ 37%] [32mBuilding CXX object CMakeFiles/power_rune.dir/src/power_rune_node.cpp.o[0m
[2.514s] In file included from [01m[K/home/tars-go/Downloads/rune/rm_power_rune-main/src/power_rune_node.cpp:4[m[K:
[2.514s] [01m[K/home/tars-go/Downloads/rune/rm_power_rune-main/include/power_rune_node.hpp:35:2:[m[K [01;31m[Kerror: [m[Kexpected ‘[01m[K;[m[K’ after class definition
[2.514s]    35 | }
[2.514s]       |  [01;31m[K^[m[K
[2.514s]       |  [32m[K;[m[K
[2.526s] [01m[K/home/tars-go/Downloads/rune/rm_power_rune-main/src/power_rune_node.cpp:[m[K In lambda function:
[2.526s] [01m[K/home/tars-go/Downloads/rune/rm_power_rune-main/src/power_rune_node.cpp:29:50:[m[K [01;31m[Kerror: [m[Kno match for ‘[01m[Koperator=[m[K’ (operand types are ‘[01m[Kcv::Mat[m[K’ and ‘[01m[Kconst _k_type[m[K’ {aka ‘[01m[Kconst std::array<double, 9>[m[K’})
[2.526s]    29 |         Param::INTRINSIC_MATRIX = camera_info -> [01;31m[Kk[m[K;
[2.526s]       |                                                  [01;31m[K^[m[K
[2.526s] In file included from [01m[K/usr/include/opencv4/opencv2/core.hpp:58[m[K,
[2.526s]                  from [01m[K/usr/include/opencv4/opencv2/opencv.hpp:52[m[K,
[2.526s]                  from [01m[K/home/tars-go/Downloads/rune/rm_power_rune-main/include/Calculator.h:7[m[K,
[2.526s]                  from [01m[K/home/tars-go/Downloads/rune/rm_power_rune-main/include/PowerRune.h:3[m[K,
[2.526s]                  from [01m[K/home/tars-go/Downloads/rune/rm_power_rune-main/src/power_rune_node.cpp:3[m[K:
[2.526s] [01m[K/usr/include/opencv4/opencv2/core/mat.hpp:1064:10:[m[K [01;36m[Knote: [m[Kcandidate: ‘[01m[Kcv::Mat& cv::Mat::operator=(const cv::Mat&)[m[K’
[2.527s]  1064 |     Mat& [01;36m[Koperator[m[K = (const Mat& m);
[2.527s]       |          [01;36m[K^~~~~~~~[m[K
[2.527s] [01m[K/usr/include/opencv4/opencv2/core/mat.hpp:1064:33:[m[K [01;36m[Knote: [m[K  no known conversion for argument 1 from ‘[01m[Kconst _k_type[m[K’ {aka ‘[01m[Kconst std::array<double, 9>[m[K’} to ‘[01m[Kconst cv::Mat&[m[K’
[2.527s]  1064 |     Mat& operator = ([01;36m[Kconst Mat& m[m[K);
[2.527s]       |                      [01;36m[K~~~~~~~~~~~^[m[K
[2.527s] In file included from [01m[K/usr/include/opencv4/opencv2/core/mat.hpp:3764[m[K,
[2.527s]                  from [01m[K/usr/include/opencv4/opencv2/core.hpp:58[m[K,
[2.527s]                  from [01m[K/usr/include/opencv4/opencv2/opencv.hpp:52[m[K,
[2.527s]                  from [01m[K/home/tars-go/Downloads/rune/rm_power_rune-main/include/Calculator.h:7[m[K,
[2.527s]                  from [01m[K/home/tars-go/Downloads/rune/rm_power_rune-main/include/PowerRune.h:3[m[K,
[2.527s]                  from [01m[K/home/tars-go/Downloads/rune/rm_power_rune-main/src/power_rune_node.cpp:3[m[K:
[2.527s] [01m[K/usr/include/opencv4/opencv2/core/mat.inl.hpp:3008:6:[m[K [01;36m[Knote: [m[Kcandidate: ‘[01m[Kcv::Mat& cv::Mat::operator=(const cv::MatExpr&)[m[K’
[2.527s]  3008 | Mat& [01;36m[KMat[m[K::operator = (const MatExpr& e)
[2.527s]       |      [01;36m[K^~~[m[K
[2.527s] [01m[K/usr/include/opencv4/opencv2/core/mat.inl.hpp:3008:38:[m[K [01;36m[Knote: [m[K  no known conversion for argument 1 from ‘[01m[Kconst _k_type[m[K’ {aka ‘[01m[Kconst std::array<double, 9>[m[K’} to ‘[01m[Kconst cv::MatExpr&[m[K’
[2.527s]  3008 | Mat& Mat::operator = ([01;36m[Kconst MatExpr& e[m[K)
[2.527s]       |                       [01;36m[K~~~~~~~~~~~~~~~^[m[K
[2.527s] In file included from [01m[K/usr/include/opencv4/opencv2/core.hpp:58[m[K,
[2.528s]                  from [01m[K/usr/include/opencv4/opencv2/opencv.hpp:52[m[K,
[2.528s]                  from [01m[K/home/tars-go/Downloads/rune/rm_power_rune-main/include/Calculator.h:7[m[K,
[2.528s]                  from [01m[K/home/tars-go/Downloads/rune/rm_power_rune-main/include/PowerRune.h:3[m[K,
[2.528s]                  from [01m[K/home/tars-go/Downloads/rune/rm_power_rune-main/src/power_rune_node.cpp:3[m[K:
[2.528s] [01m[K/usr/include/opencv4/opencv2/core/mat.hpp:1251:10:[m[K [01;36m[Knote: [m[Kcandidate: ‘[01m[Kcv::Mat& cv::Mat::operator=(const Scalar&)[m[K’
[2.528s]  1251 |     Mat& [01;36m[Koperator[m[K = (const Scalar& s);
[2.528s]       |          [01;36m[K^~~~~~~~[m[K
[2.528s] [01m[K/usr/include/opencv4/opencv2/core/mat.hpp:1251:36:[m[K [01;36m[Knote: [m[K  no known conversion for argument 1 from ‘[01m[Kconst _k_type[m[K’ {aka ‘[01m[Kconst std::array<double, 9>[m[K’} to ‘[01m[Kconst Scalar&[m[K’ {aka ‘[01m[Kconst cv::Scalar_<double>&[m[K’}
[2.528s]  1251 |     Mat& operator = ([01;36m[Kconst Scalar& s[m[K);
[2.528s]       |                      [01;36m[K~~~~~~~~~~~~~~^[m[K
[2.528s] [01m[K/usr/include/opencv4/opencv2/core/mat.hpp:2092:10:[m[K [01;36m[Knote: [m[Kcandidate: ‘[01m[Kcv::Mat& cv::Mat::operator=(cv::Mat&&)[m[K’
[2.528s]  2092 |     Mat& [01;36m[Koperator[m[K = (Mat&& m);
[2.528s]       |          [01;36m[K^~~~~~~~[m[K
[2.528s] [01m[K/usr/include/opencv4/opencv2/core/mat.hpp:2092:28:[m[K [01;36m[Knote: [m[K  no known conversion for argument 1 from ‘[01m[Kconst _k_type[m[K’ {aka ‘[01m[Kconst std::array<double, 9>[m[K’} to ‘[01m[Kcv::Mat&&[m[K’
[2.528s]  2092 |     Mat& operator = ([01;36m[KMat&& m[m[K);
[2.528s]       |                      [01;36m[K~~~~~~^[m[K
[2.528s] [01m[K/home/tars-go/Downloads/rune/rm_power_rune-main/src/power_rune_node.cpp:31:45:[m[K [01;31m[Kerror: [m[Kno match for ‘[01m[Koperator=[m[K’ (operand types are ‘[01m[Kcv::Mat[m[K’ and ‘[01m[Kconst _d_type[m[K’ {aka ‘[01m[Kconst std::vector<double>[m[K’})
[2.529s]    31 |         Param::DIST_COEFFS = camera_info -> [01;31m[Kd[m[K;
[2.529s]       |                                             [01;31m[K^[m[K
[2.529s] In file included from [01m[K/usr/include/opencv4/opencv2/core.hpp:58[m[K,
[2.529s]                  from [01m[K/usr/include/opencv4/opencv2/opencv.hpp:52[m[K,
[2.529s]                  from [01m[K/home/tars-go/Downloads/rune/rm_power_rune-main/include/Calculator.h:7[m[K,
[2.529s]                  from [01m[K/home/tars-go/Downloads/rune/rm_power_rune-main/include/PowerRune.h:3[m[K,
[2.529s]                  from [01m[K/home/tars-go/Downloads/rune/rm_power_rune-main/src/power_rune_node.cpp:3[m[K:
[2.529s] [01m[K/usr/include/opencv4/opencv2/core/mat.hpp:1064:10:[m[K [01;36m[Knote: [m[Kcandidate: ‘[01m[Kcv::Mat& cv::Mat::operator=(const cv::Mat&)[m[K’
[2.529s]  1064 |     Mat& [01;36m[Koperator[m[K = (const Mat& m);
[2.529s]       |          [01;36m[K^~~~~~~~[m[K
[2.529s] [01m[K/usr/include/opencv4/opencv2/core/mat.hpp:1064:33:[m[K [01;36m[Knote: [m[K  no known conversion for argument 1 from ‘[01m[Kconst _d_type[m[K’ {aka ‘[01m[Kconst std::vector<double>[m[K’} to ‘[01m[Kconst cv::Mat&[m[K’
[2.529s]  1064 |     Mat& operator = ([01;36m[Kconst Mat& m[m[K);
[2.529s]       |                      [01;36m[K~~~~~~~~~~~^[m[K
[2.529s] In file included from [01m[K/usr/include/opencv4/opencv2/core/mat.hpp:3764[m[K,
[2.529s]                  from [01m[K/usr/include/opencv4/opencv2/core.hpp:58[m[K,
[2.529s]                  from [01m[K/usr/include/opencv4/opencv2/opencv.hpp:52[m[K,
[2.529s]                  from [01m[K/home/tars-go/Downloads/rune/rm_power_rune-main/include/Calculator.h:7[m[K,
[2.530s]                  from [01m[K/home/tars-go/Downloads/rune/rm_power_rune-main/include/PowerRune.h:3[m[K,
[2.530s]                  from [01m[K/home/tars-go/Downloads/rune/rm_power_rune-main/src/power_rune_node.cpp:3[m[K:
[2.530s] [01m[K/usr/include/opencv4/opencv2/core/mat.inl.hpp:3008:6:[m[K [01;36m[Knote: [m[Kcandidate: ‘[01m[Kcv::Mat& cv::Mat::operator=(const cv::MatExpr&)[m[K’
[2.530s]  3008 | Mat& [01;36m[KMat[m[K::operator = (const MatExpr& e)
[2.530s]       |      [01;36m[K^~~[m[K
[2.530s] [01m[K/usr/include/opencv4/opencv2/core/mat.inl.hpp:3008:38:[m[K [01;36m[Knote: [m[K  no known conversion for argument 1 from ‘[01m[Kconst _d_type[m[K’ {aka ‘[01m[Kconst std::vector<double>[m[K’} to ‘[01m[Kconst cv::MatExpr&[m[K’
[2.530s]  3008 | Mat& Mat::operator = ([01;36m[Kconst MatExpr& e[m[K)
[2.530s]       |                       [01;36m[K~~~~~~~~~~~~~~~^[m[K
[2.530s] In file included from [01m[K/usr/include/opencv4/opencv2/core.hpp:58[m[K,
[2.530s]                  from [01m[K/usr/include/opencv4/opencv2/opencv.hpp:52[m[K,
[2.530s]                  from [01m[K/home/tars-go/Downloads/rune/rm_power_rune-main/include/Calculator.h:7[m[K,
[2.530s]                  from [01m[K/home/tars-go/Downloads/rune/rm_power_rune-main/include/PowerRune.h:3[m[K,
[2.530s]                  from [01m[K/home/tars-go/Downloads/rune/rm_power_rune-main/src/power_rune_node.cpp:3[m[K:
[2.530s] [01m[K/usr/include/opencv4/opencv2/core/mat.hpp:1251:10:[m[K [01;36m[Knote: [m[Kcandidate: ‘[01m[Kcv::Mat& cv::Mat::operator=(const Scalar&)[m[K’
[2.530s]  1251 |     Mat& [01;36m[Koperator[m[K = (const Scalar& s);
[2.530s]       |          [01;36m[K^~~~~~~~[m[K
[2.531s] [01m[K/usr/include/opencv4/opencv2/core/mat.hpp:1251:36:[m[K [01;36m[Knote: [m[K  no known conversion for argument 1 from ‘[01m[Kconst _d_type[m[K’ {aka ‘[01m[Kconst std::vector<double>[m[K’} to ‘[01m[Kconst Scalar&[m[K’ {aka ‘[01m[Kconst cv::Scalar_<double>&[m[K’}
[2.531s]  1251 |     Mat& operator = ([01;36m[Kconst Scalar& s[m[K);
[2.531s]       |                      [01;36m[K~~~~~~~~~~~~~~^[m[K
[2.531s] [01m[K/usr/include/opencv4/opencv2/core/mat.hpp:2092:10:[m[K [01;36m[Knote: [m[Kcandidate: ‘[01m[Kcv::Mat& cv::Mat::operator=(cv::Mat&&)[m[K’
[2.531s]  2092 |     Mat& [01;36m[Koperator[m[K = (Mat&& m);
[2.531s]       |          [01;36m[K^~~~~~~~[m[K
[2.531s] [01m[K/usr/include/opencv4/opencv2/core/mat.hpp:2092:28:[m[K [01;36m[Knote: [m[K  no known conversion for argument 1 from ‘[01m[Kconst _d_type[m[K’ {aka ‘[01m[Kconst std::vector<double>[m[K’} to ‘[01m[Kcv::Mat&&[m[K’
[2.531s]  2092 |     Mat& operator = ([01;36m[KMat&& m[m[K);
[2.531s]       |                      [01;36m[K~~~~~~^[m[K
[2.531s] [01m[K/home/tars-go/Downloads/rune/rm_power_rune-main/src/power_rune_node.cpp:[m[K In constructor ‘[01m[Kpower_rune::PowerRuneNode::PowerRuneNode(const rclcpp::NodeOptions&)[m[K’:
[2.531s] [01m[K/home/tars-go/Downloads/rune/rm_power_rune-main/src/power_rune_node.cpp:38:24:[m[K [01;31m[Kerror: [m[K‘[01m[KArmorDetectorNode[m[K’ has not been declared
[2.531s]    38 |             std::bind(&[01;31m[KArmorDetectorNode[m[K::imageCallback, this, std::placeholders::_1));
[2.531s]       |                        [01;31m[K^~~~~~~~~~~~~~~~~[m[K
[2.531s] [01m[K/home/tars-go/Downloads/rune/rm_power_rune-main/src/power_rune_node.cpp:[m[K At global scope:
[2.531s] [01m[K/home/tars-go/Downloads/rune/rm_power_rune-main/src/power_rune_node.cpp:41:67:[m[K [01;31m[Kerror: [m[K‘[01m[KConstSharedPrt[m[K’ in ‘[01m[Kusing Image = struct sensor_msgs::msg::Image_<std::allocator<void> >[m[K’ {aka ‘[01m[Kstruct sensor_msgs::msg::Image_<std::allocator<void> >[m[K’} does not name a type
[2.531s]    41 | id power_rune::imageCallback(const sensor_msgs::msg::Image::[01;31m[KConstSharedPrt[m[K img_msg)
[2.532s]       |                                                             [01;31m[K^~~~~~~~~~~~~~[m[K
[2.532s] 
[2.532s] [01m[K/home/tars-go/Downloads/rune/rm_power_rune-main/src/power_rune_node.cpp:41:89:[m[K [01;31m[Kerror: [m[K‘[01m[Kvoid power_rune::imageCallback(int)[m[K’ should have been declared inside ‘[01m[Kpower_rune[m[K’
[2.532s]    41 | e::imageCallback(const sensor_msgs::msg::Image::ConstSharedPrt img_msg[01;31m[K)[m[K
[2.532s]       |                                                                       [01;31m[K^[m[K
[2.532s] 
[2.532s] [01m[K/home/tars-go/Downloads/rune/rm_power_rune-main/src/power_rune_node.cpp:[m[K In function ‘[01m[Kvoid power_rune::imageCallback(int)[m[K’:
[2.532s] [01m[K/home/tars-go/Downloads/rune/rm_power_rune-main/src/power_rune_node.cpp:43:40:[m[K [01;31m[Kerror: [m[Kno matching function for call to ‘[01m[KtoCvShare(const int&, const char [5])[m[K’
[2.532s]    43 |         auto img = [01;31m[Kcv_bridge::toCvShare(img_msg, "rgb8")[m[K->image;
[2.532s]       |                    [01;31m[K~~~~~~~~~~~~~~~~~~~~^~~~~~~~~~~~~~~~~[m[K
[2.532s] In file included from [01m[K/home/tars-go/Downloads/rune/rm_power_rune-main/include/power_rune_node.hpp:10[m[K,
[2.532s]                  from [01m[K/home/tars-go/Downloads/rune/rm_power_rune-main/src/power_rune_node.cpp:4[m[K:
[2.533s] [01m[K/opt/ros/humble/include/cv_bridge/cv_bridge/cv_bridge.h:232:34:[m[K [01;36m[Knote: [m[Kcandidate: ‘[01m[Kcv_bridge::CvImageConstPtr cv_bridge::toCvShare(const ConstSharedPtr&, const string&)[m[K’
[2.533s]   232 | CV_BRIDGE_EXPORT CvImageConstPtr [01;36m[KtoCvShare[m[K(
[2.533s]       |                                  [01;36m[K^~~~~~~~~[m[K
[2.533s] [01m[K/opt/ros/humble/include/cv_bridge/cv_bridge/cv_bridge.h:233:51:[m[K [01;36m[Knote: [m[K  no known conversion for argument 1 from ‘[01m[Kconst int[m[K’ to ‘[01m[Kconst ConstSharedPtr&[m[K’ {aka ‘[01m[Kconst std::shared_ptr<const sensor_msgs::msg::Image_<std::allocator<void> > >&[m[K’}
[2.533s]   233 |   [01;36m[Kconst sensor_msgs::msg::Image::ConstSharedPtr & source[m[K,
[2.533s]       |   [01;36m[K~~~~~~~~~~~~~~~~~~~~~~~~~~~~~~~~~~~~~~~~~~~~~~~~^~~~~~[m[K
[2.533s] [01m[K/opt/ros/humble/include/cv_bridge/cv_bridge/cv_bridge.h:260:34:[m[K [01;36m[Knote: [m[Kcandidate: ‘[01m[Kcv_bridge::CvImageConstPtr cv_bridge::toCvShare(const Image&, const std::shared_ptr<const void>&, const string&)[m[K’
[2.533s]   260 | CV_BRIDGE_EXPORT CvImageConstPtr [01;36m[KtoCvShare[m[K(
[2.533s]       |                                  [01;36m[K^~~~~~~~~[m[K
[2.533s] [01m[K/opt/ros/humble/include/cv_bridge/cv_bridge/cv_bridge.h:154:37:[m[K [01;36m[Knote: [m[K  no known conversion for argument 1 from ‘[01m[Kconst int[m[K’ to ‘[01m[Kconst Image&[m[K’ {aka ‘[01m[Kconst sensor_msgs::msg::Image_<std::allocator<void> >&[m[K’}
[2.533s]   154 |     [01;36m[Kconst sensor_msgs::msg::Image & source[m[K,
[2.534s]       |     [01;36m[K~~~~~~~~~~~~~~~~~~~~~~~~~~~~~~~~^~~~~~[m[K
[2.534s] [01m[K/home/tars-go/Downloads/rune/rm_power_rune-main/src/power_rune_node.cpp:47:9:[m[K [01;31m[Kerror: [m[K‘[01m[Kpower_rune_[m[K’ was not declared in this scope; did you mean ‘[01m[Kpower_rune[m[K’?
[2.534s]    47 |         [01;31m[Kpower_rune_[m[K->runOnce(image, 0.0, 0.0);
[2.534s]       |         [01;31m[K^~~~~~~~~~~[m[K
[2.534s]       |         [32m[Kpower_rune[m[K
[2.534s] [01m[K/home/tars-go/Downloads/rune/rm_power_rune-main/src/power_rune_node.cpp:47:30:[m[K [01;31m[Kerror: [m[K‘[01m[Kimage[m[K’ was not declared in this scope; did you mean ‘[01m[KinRange[m[K’?
[2.534s]    47 |         power_rune_->runOnce([01;31m[Kimage[m[K, 0.0, 0.0);
[2.534s]       |                              [01;31m[K^~~~~[m[K
[2.534s]       |                              [32m[KinRange[m[K
[3.948s] gmake[2]: *** [CMakeFiles/power_rune.dir/build.make:132: CMakeFiles/power_rune.dir/src/power_rune_node.cpp.o] Error 1
[3.948s] gmake[1]: *** [CMakeFiles/Makefile2:139: CMakeFiles/power_rune.dir/all] Error 2
[3.948s] gmake: *** [Makefile:146: all] Error 2
[3.949s] Invoked command in '/home/tars-go/Downloads/rune/build/power_rune' returned '2': CMAKE_PREFIX_PATH=/opt/ros/humble /usr/local/bin/cmake --build /home/tars-go/Downloads/rune/build/power_rune -- -j16 -l16
