[0.008s] Invoking command in '/home/tars-go/Downloads/rune/build/galaxy_camera': CMAKE_PREFIX_PATH=/opt/ros/humble /usr/local/bin/cmake --build /home/tars-go/Downloads/rune/build/galaxy_camera -- -j16 -l16
[0.024s] [ 50%] Built target galaxy_camera_node
[0.024s] [100%] Built target galaxy_camera
[0.027s] Invoked command in '/home/tars-go/Downloads/rune/build/galaxy_camera' returned '0': CMAKE_PREFIX_PATH=/opt/ros/humble /usr/local/bin/cmake --build /home/tars-go/Downloads/rune/build/galaxy_camera -- -j16 -l16
[0.043s] Invoking command in '/home/tars-go/Downloads/rune/build/galaxy_camera': CMAKE_PREFIX_PATH=/opt/ros/humble /usr/local/bin/cmake --install /home/tars-go/Downloads/rune/build/galaxy_camera
[0.044s] -- Install configuration: ""
[0.044s] -- Execute custom install script
[0.045s] -- Up-to-date symlink: /home/tars-go/Downloads/rune/install/galaxy_camera/lib/0ffc4fc3a883ddffd0594f411358f79a5ebb60c6.cache
[0.045s] -- Up-to-date symlink: /home/tars-go/Downloads/rune/install/galaxy_camera/lib/83d9e27abc6804c6cd0356cfdc6a22d538aab450.cache
[0.045s] -- Up-to-date symlink: /home/tars-go/Downloads/rune/install/galaxy_camera/lib/GxGVTL.cti
[0.045s] -- Up-to-date symlink: /home/tars-go/Downloads/rune/install/galaxy_camera/lib/GxU3VTL.cti
[0.045s] -- Up-to-date symlink: /home/tars-go/Downloads/rune/install/galaxy_camera/lib/b3da2d902e089f59ad437d806f7e8a4346e9a3ef.cache
[0.045s] -- Up-to-date symlink: /home/tars-go/Downloads/rune/install/galaxy_camera/lib/bc4b08373788f18282ff1e747a98dd6c21a8b629.cache
[0.045s] -- Up-to-date symlink: /home/tars-go/Downloads/rune/install/galaxy_camera/lib/libgxiapi.so
[0.045s] -- Up-to-date symlink: /home/tars-go/Downloads/rune/install/galaxy_camera/lib/galaxy_camera/galaxy_camera_node
[0.045s] -- Up-to-date symlink: /home/tars-go/Downloads/rune/install/galaxy_camera/share/galaxy_camera/environment/library_path.sh
[0.045s] -- Up-to-date symlink: /home/tars-go/Downloads/rune/install/galaxy_camera/share/galaxy_camera/environment/library_path.dsv
[0.045s] -- Up-to-date symlink: /home/tars-go/Downloads/rune/install/galaxy_camera/lib/libgalaxy_camera.so
[0.046s] -- Up-to-date symlink: /home/tars-go/Downloads/rune/install/galaxy_camera/share/galaxy_camera/config/camera_info.yaml
[0.046s] -- Up-to-date symlink: /home/tars-go/Downloads/rune/install/galaxy_camera/share/galaxy_camera/config/camera_params.yaml
[0.046s] -- Up-to-date symlink: /home/tars-go/Downloads/rune/install/galaxy_camera/share/galaxy_camera/launch/galaxy_camera.launch.py
[0.046s] -- Up-to-date symlink: /home/tars-go/Downloads/rune/install/galaxy_camera/share/ament_index/resource_index/package_run_dependencies/galaxy_camera
[0.046s] -- Up-to-date symlink: /home/tars-go/Downloads/rune/install/galaxy_camera/share/ament_index/resource_index/parent_prefix_path/galaxy_camera
[0.046s] -- Up-to-date symlink: /home/tars-go/Downloads/rune/install/galaxy_camera/share/galaxy_camera/environment/ament_prefix_path.sh
[0.046s] -- Up-to-date symlink: /home/tars-go/Downloads/rune/install/galaxy_camera/share/galaxy_camera/environment/ament_prefix_path.dsv
[0.046s] -- Up-to-date symlink: /home/tars-go/Downloads/rune/install/galaxy_camera/share/galaxy_camera/environment/path.sh
[0.046s] -- Up-to-date symlink: /home/tars-go/Downloads/rune/install/galaxy_camera/share/galaxy_camera/environment/path.dsv
[0.046s] -- Up-to-date symlink: /home/tars-go/Downloads/rune/install/galaxy_camera/share/galaxy_camera/local_setup.bash
[0.047s] -- Up-to-date symlink: /home/tars-go/Downloads/rune/install/galaxy_camera/share/galaxy_camera/local_setup.sh
[0.047s] -- Up-to-date symlink: /home/tars-go/Downloads/rune/install/galaxy_camera/share/galaxy_camera/local_setup.zsh
[0.047s] -- Up-to-date symlink: /home/tars-go/Downloads/rune/install/galaxy_camera/share/galaxy_camera/local_setup.dsv
[0.047s] -- Symlinking: /home/tars-go/Downloads/rune/install/galaxy_camera/share/galaxy_camera/package.dsv
[0.048s] -- Up-to-date symlink: /home/tars-go/Downloads/rune/install/galaxy_camera/share/ament_index/resource_index/packages/galaxy_camera
[0.048s] -- Up-to-date symlink: /home/tars-go/Downloads/rune/install/galaxy_camera/share/ament_index/resource_index/rclcpp_components/galaxy_camera
[0.048s] -- Up-to-date symlink: /home/tars-go/Downloads/rune/install/galaxy_camera/share/galaxy_camera/cmake/ament_cmake_export_dependencies-extras.cmake
[0.048s] -- Up-to-date symlink: /home/tars-go/Downloads/rune/install/galaxy_camera/share/galaxy_camera/cmake/ament_cmake_export_libraries-extras.cmake
[0.049s] -- Up-to-date symlink: /home/tars-go/Downloads/rune/install/galaxy_camera/share/galaxy_camera/cmake/galaxy_cameraConfig.cmake
[0.049s] -- Up-to-date symlink: /home/tars-go/Downloads/rune/install/galaxy_camera/share/galaxy_camera/cmake/galaxy_cameraConfig-version.cmake
[0.049s] -- Up-to-date symlink: /home/tars-go/Downloads/rune/install/galaxy_camera/share/galaxy_camera/package.xml
[0.049s] Invoked command in '/home/tars-go/Downloads/rune/build/galaxy_camera' returned '0': CMAKE_PREFIX_PATH=/opt/ros/humble /usr/local/bin/cmake --install /home/tars-go/Downloads/rune/build/galaxy_camera
