[ 25%] Built target power_rune_node
[ 37%] [32mBuilding CXX object CMakeFiles/power_rune.dir/src/power_rune_node.cpp.o[0m
[ 50%] [32m[1mLinking CXX shared library libpower_rune.so[0m
[100%] Built target power_rune
-- Install configuration: ""
-- Execute custom install script
-- Symlinking: /home/tars-go/Downloads/rune/install/power_rune/lib/power_rune/power_rune_node
-- Symlinking: /home/tars-go/Downloads/rune/install/power_rune/include/Calculator.h
-- Symlinking: /home/tars-go/Downloads/rune/install/power_rune/include/Detector.h
-- Symlinking: /home/tars-go/Downloads/rune/install/power_rune/include/Param.h
-- Symlinking: /home/tars-go/Downloads/rune/install/power_rune/include/PowerRune.h
-- Symlinking: /home/tars-go/Downloads/rune/install/power_rune/include/Utility.h
-- Symlinking: /home/tars-go/Downloads/rune/install/power_rune/include/power_rune_node.hpp
-- Symlinking: /home/tars-go/Downloads/rune/install/power_rune/share/power_rune/environment/library_path.sh
-- Symlinking: /home/tars-go/Downloads/rune/install/power_rune/share/power_rune/environment/library_path.dsv
-- Symlinking: /home/tars-go/Downloads/rune/install/power_rune/lib/libpower_rune.so
-- Symlinking: /home/tars-go/Downloads/rune/install/power_rune/share/ament_index/resource_index/package_run_dependencies/power_rune
-- Symlinking: /home/tars-go/Downloads/rune/install/power_rune/share/ament_index/resource_index/parent_prefix_path/power_rune
-- Symlinking: /home/tars-go/Downloads/rune/install/power_rune/share/power_rune/environment/ament_prefix_path.sh
-- Symlinking: /home/tars-go/Downloads/rune/install/power_rune/share/power_rune/environment/ament_prefix_path.dsv
-- Symlinking: /home/tars-go/Downloads/rune/install/power_rune/share/power_rune/environment/path.sh
-- Symlinking: /home/tars-go/Downloads/rune/install/power_rune/share/power_rune/environment/path.dsv
-- Symlinking: /home/tars-go/Downloads/rune/install/power_rune/share/power_rune/local_setup.bash
-- Symlinking: /home/tars-go/Downloads/rune/install/power_rune/share/power_rune/local_setup.sh
-- Symlinking: /home/tars-go/Downloads/rune/install/power_rune/share/power_rune/local_setup.zsh
-- Symlinking: /home/tars-go/Downloads/rune/install/power_rune/share/power_rune/local_setup.dsv
-- Symlinking: /home/tars-go/Downloads/rune/install/power_rune/share/power_rune/package.dsv
-- Symlinking: /home/tars-go/Downloads/rune/install/power_rune/share/ament_index/resource_index/packages/power_rune
-- Symlinking: /home/tars-go/Downloads/rune/install/power_rune/share/ament_index/resource_index/rclcpp_components/power_rune
-- Symlinking: /home/tars-go/Downloads/rune/install/power_rune/share/power_rune/cmake/ament_cmake_export_dependencies-extras.cmake
-- Symlinking: /home/tars-go/Downloads/rune/install/power_rune/share/power_rune/cmake/ament_cmake_export_include_directories-extras.cmake
-- Symlinking: /home/tars-go/Downloads/rune/install/power_rune/share/power_rune/cmake/ament_cmake_export_libraries-extras.cmake
-- Symlinking: /home/tars-go/Downloads/rune/install/power_rune/share/power_rune/cmake/power_runeConfig.cmake
-- Symlinking: /home/tars-go/Downloads/rune/install/power_rune/share/power_rune/cmake/power_runeConfig-version.cmake
-- Symlinking: /home/tars-go/Downloads/rune/install/power_rune/share/power_rune/package.xml
