[0.065s] DEBUG:colcon:Command line arguments: ['/usr/bin/colcon', 'build', '--symlink-install']
[0.065s] DEBUG:colcon:Parsed command line arguments: Namespace(log_base=None, log_level=None, verb_name='build', build_base='build', install_base='install', merge_install=False, symlink_install=True, test_result_base=None, continue_on_error=False, executor='parallel', parallel_workers=16, event_handlers=None, ignore_user_meta=False, metas=['./colcon.meta'], base_paths=['.'], packages_ignore=None, packages_ignore_regex=None, paths=None, packages_up_to=None, packages_up_to_regex=None, packages_above=None, packages_above_and_dependencies=None, packages_above_depth=None, packages_select_by_dep=None, packages_skip_by_dep=None, packages_skip_up_to=None, packages_select_build_failed=False, packages_skip_build_finished=False, packages_select_test_failures=False, packages_skip_test_passed=False, packages_select=None, packages_skip=None, packages_select_regex=None, packages_skip_regex=None, packages_start=None, packages_end=None, allow_overriding=[], cmake_args=None, cmake_target=None, cmake_target_skip_unavailable=False, cmake_clean_cache=False, cmake_clean_first=False, cmake_force_configure=False, ament_cmake_args=None, catkin_cmake_args=None, catkin_skip_building_tests=False, verb_parser=<colcon_defaults.argument_parser.defaults.DefaultArgumentsDecorator object at 0x7e66299399f0>, verb_extension=<colcon_core.verb.build.BuildVerb object at 0x7e6629aaf010>, main=<bound method BuildVerb.main of <colcon_core.verb.build.BuildVerb object at 0x7e6629aaf010>>)
[0.165s] Level 1:colcon.colcon_core.package_discovery:discover_packages(colcon_meta) check parameters
[0.165s] Level 1:colcon.colcon_core.package_discovery:discover_packages(recursive) check parameters
[0.165s] Level 1:colcon.colcon_core.package_discovery:discover_packages(ignore) check parameters
[0.165s] Level 1:colcon.colcon_core.package_discovery:discover_packages(path) check parameters
[0.165s] Level 1:colcon.colcon_core.package_discovery:discover_packages(colcon_meta) discover
[0.165s] Level 1:colcon.colcon_core.package_discovery:discover_packages(recursive) discover
[0.165s] INFO:colcon.colcon_core.package_discovery:Crawling recursively for packages in '/home/tars-go/Downloads/rune'
[0.165s] Level 1:colcon.colcon_core.package_identification:_identify(.) by extensions ['ignore', 'ignore_ament_install']
[0.166s] Level 1:colcon.colcon_core.package_identification:_identify(.) by extension 'ignore'
[0.166s] Level 1:colcon.colcon_core.package_identification:_identify(.) by extension 'ignore_ament_install'
[0.166s] Level 1:colcon.colcon_core.package_identification:_identify(.) by extensions ['colcon_pkg']
[0.166s] Level 1:colcon.colcon_core.package_identification:_identify(.) by extension 'colcon_pkg'
[0.166s] Level 1:colcon.colcon_core.package_identification:_identify(.) by extensions ['colcon_meta']
[0.166s] Level 1:colcon.colcon_core.package_identification:_identify(.) by extension 'colcon_meta'
[0.166s] Level 1:colcon.colcon_core.package_identification:_identify(.) by extensions ['ros']
[0.166s] Level 1:colcon.colcon_core.package_identification:_identify(.) by extension 'ros'
[0.173s] Level 1:colcon.colcon_core.package_identification:_identify(.) by extensions ['cmake', 'python']
[0.173s] Level 1:colcon.colcon_core.package_identification:_identify(.) by extension 'cmake'
[0.173s] Level 1:colcon.colcon_core.package_identification:_identify(.) by extension 'python'
[0.173s] Level 1:colcon.colcon_core.package_identification:_identify(.) by extensions ['python_setup_py']
[0.173s] Level 1:colcon.colcon_core.package_identification:_identify(.) by extension 'python_setup_py'
[0.173s] Level 1:colcon.colcon_core.package_identification:_identify(build) by extensions ['ignore', 'ignore_ament_install']
[0.173s] Level 1:colcon.colcon_core.package_identification:_identify(build) by extension 'ignore'
[0.173s] Level 1:colcon.colcon_core.package_identification:_identify(build) ignored
[0.174s] Level 1:colcon.colcon_core.package_identification:_identify(install) by extensions ['ignore', 'ignore_ament_install']
[0.174s] Level 1:colcon.colcon_core.package_identification:_identify(install) by extension 'ignore'
[0.174s] Level 1:colcon.colcon_core.package_identification:_identify(install) ignored
[0.174s] Level 1:colcon.colcon_core.package_identification:_identify(log) by extensions ['ignore', 'ignore_ament_install']
[0.174s] Level 1:colcon.colcon_core.package_identification:_identify(log) by extension 'ignore'
[0.174s] Level 1:colcon.colcon_core.package_identification:_identify(log) ignored
[0.174s] Level 1:colcon.colcon_core.package_identification:_identify(rm_power_rune-main) by extensions ['ignore', 'ignore_ament_install']
[0.174s] Level 1:colcon.colcon_core.package_identification:_identify(rm_power_rune-main) by extension 'ignore'
[0.174s] Level 1:colcon.colcon_core.package_identification:_identify(rm_power_rune-main) by extension 'ignore_ament_install'
[0.174s] Level 1:colcon.colcon_core.package_identification:_identify(rm_power_rune-main) by extensions ['colcon_pkg']
[0.174s] Level 1:colcon.colcon_core.package_identification:_identify(rm_power_rune-main) by extension 'colcon_pkg'
[0.174s] Level 1:colcon.colcon_core.package_identification:_identify(rm_power_rune-main) by extensions ['colcon_meta']
[0.174s] Level 1:colcon.colcon_core.package_identification:_identify(rm_power_rune-main) by extension 'colcon_meta'
[0.174s] Level 1:colcon.colcon_core.package_identification:_identify(rm_power_rune-main) by extensions ['ros']
[0.174s] Level 1:colcon.colcon_core.package_identification:_identify(rm_power_rune-main) by extension 'ros'
[0.176s] DEBUG:colcon.colcon_core.package_identification:Package 'rm_power_rune-main' with type 'ros.ament_cmake' and name 'power_rune'
[0.176s] Level 1:colcon.colcon_core.package_identification:_identify(rm_vision_ros2_galaxy_camera-master) by extensions ['ignore', 'ignore_ament_install']
[0.176s] Level 1:colcon.colcon_core.package_identification:_identify(rm_vision_ros2_galaxy_camera-master) by extension 'ignore'
[0.176s] Level 1:colcon.colcon_core.package_identification:_identify(rm_vision_ros2_galaxy_camera-master) by extension 'ignore_ament_install'
[0.176s] Level 1:colcon.colcon_core.package_identification:_identify(rm_vision_ros2_galaxy_camera-master) by extensions ['colcon_pkg']
[0.176s] Level 1:colcon.colcon_core.package_identification:_identify(rm_vision_ros2_galaxy_camera-master) by extension 'colcon_pkg'
[0.176s] Level 1:colcon.colcon_core.package_identification:_identify(rm_vision_ros2_galaxy_camera-master) by extensions ['colcon_meta']
[0.176s] Level 1:colcon.colcon_core.package_identification:_identify(rm_vision_ros2_galaxy_camera-master) by extension 'colcon_meta'
[0.176s] Level 1:colcon.colcon_core.package_identification:_identify(rm_vision_ros2_galaxy_camera-master) by extensions ['ros']
[0.176s] Level 1:colcon.colcon_core.package_identification:_identify(rm_vision_ros2_galaxy_camera-master) by extension 'ros'
[0.177s] DEBUG:colcon.colcon_core.package_identification:Package 'rm_vision_ros2_galaxy_camera-master' with type 'ros.ament_cmake' and name 'galaxy_camera'
[0.177s] Level 1:colcon.colcon_core.package_identification:_identify(test_rune) by extensions ['ignore', 'ignore_ament_install']
[0.177s] Level 1:colcon.colcon_core.package_identification:_identify(test_rune) by extension 'ignore'
[0.177s] Level 1:colcon.colcon_core.package_identification:_identify(test_rune) by extension 'ignore_ament_install'
[0.177s] Level 1:colcon.colcon_core.package_identification:_identify(test_rune) by extensions ['colcon_pkg']
[0.177s] Level 1:colcon.colcon_core.package_identification:_identify(test_rune) by extension 'colcon_pkg'
[0.177s] Level 1:colcon.colcon_core.package_identification:_identify(test_rune) by extensions ['colcon_meta']
[0.177s] Level 1:colcon.colcon_core.package_identification:_identify(test_rune) by extension 'colcon_meta'
[0.177s] Level 1:colcon.colcon_core.package_identification:_identify(test_rune) by extensions ['ros']
[0.177s] Level 1:colcon.colcon_core.package_identification:_identify(test_rune) by extension 'ros'
[0.177s] DEBUG:colcon.colcon_core.package_identification:Package 'test_rune' with type 'ros.ament_cmake' and name 'test_rune_bringup'
[0.177s] Level 1:colcon.colcon_core.package_discovery:discover_packages(recursive) using defaults
[0.177s] Level 1:colcon.colcon_core.package_discovery:discover_packages(ignore) discover
[0.177s] Level 1:colcon.colcon_core.package_discovery:discover_packages(ignore) using defaults
[0.177s] Level 1:colcon.colcon_core.package_discovery:discover_packages(path) discover
[0.177s] Level 1:colcon.colcon_core.package_discovery:discover_packages(path) using defaults
[0.191s] Level 1:colcon.colcon_core.package_discovery:discover_packages(prefix_path) check parameters
[0.191s] Level 1:colcon.colcon_core.package_discovery:discover_packages(prefix_path) discover
[0.192s] DEBUG:colcon.colcon_installed_package_information.package_discovery:Found 331 installed packages in /opt/ros/humble
[0.199s] Level 1:colcon.colcon_core.package_discovery:discover_packages(prefix_path) using defaults
[0.222s] Level 5:colcon.colcon_core.verb:set package 'galaxy_camera' build argument 'cmake_args' from command line to 'None'
[0.222s] Level 5:colcon.colcon_core.verb:set package 'galaxy_camera' build argument 'cmake_target' from command line to 'None'
[0.222s] Level 5:colcon.colcon_core.verb:set package 'galaxy_camera' build argument 'cmake_target_skip_unavailable' from command line to 'False'
[0.222s] Level 5:colcon.colcon_core.verb:set package 'galaxy_camera' build argument 'cmake_clean_cache' from command line to 'False'
[0.222s] Level 5:colcon.colcon_core.verb:set package 'galaxy_camera' build argument 'cmake_clean_first' from command line to 'False'
[0.222s] Level 5:colcon.colcon_core.verb:set package 'galaxy_camera' build argument 'cmake_force_configure' from command line to 'False'
[0.222s] Level 5:colcon.colcon_core.verb:set package 'galaxy_camera' build argument 'ament_cmake_args' from command line to 'None'
[0.222s] Level 5:colcon.colcon_core.verb:set package 'galaxy_camera' build argument 'catkin_cmake_args' from command line to 'None'
[0.222s] Level 5:colcon.colcon_core.verb:set package 'galaxy_camera' build argument 'catkin_skip_building_tests' from command line to 'False'
[0.222s] DEBUG:colcon.colcon_core.verb:Building package 'galaxy_camera' with the following arguments: {'ament_cmake_args': None, 'build_base': '/home/tars-go/Downloads/rune/build/galaxy_camera', 'catkin_cmake_args': None, 'catkin_skip_building_tests': False, 'cmake_args': None, 'cmake_clean_cache': False, 'cmake_clean_first': False, 'cmake_force_configure': False, 'cmake_target': None, 'cmake_target_skip_unavailable': False, 'install_base': '/home/tars-go/Downloads/rune/install/galaxy_camera', 'merge_install': False, 'path': '/home/tars-go/Downloads/rune/rm_vision_ros2_galaxy_camera-master', 'symlink_install': True, 'test_result_base': None}
[0.222s] Level 5:colcon.colcon_core.verb:set package 'power_rune' build argument 'cmake_args' from command line to 'None'
[0.222s] Level 5:colcon.colcon_core.verb:set package 'power_rune' build argument 'cmake_target' from command line to 'None'
[0.222s] Level 5:colcon.colcon_core.verb:set package 'power_rune' build argument 'cmake_target_skip_unavailable' from command line to 'False'
[0.222s] Level 5:colcon.colcon_core.verb:set package 'power_rune' build argument 'cmake_clean_cache' from command line to 'False'
[0.222s] Level 5:colcon.colcon_core.verb:set package 'power_rune' build argument 'cmake_clean_first' from command line to 'False'
[0.222s] Level 5:colcon.colcon_core.verb:set package 'power_rune' build argument 'cmake_force_configure' from command line to 'False'
[0.222s] Level 5:colcon.colcon_core.verb:set package 'power_rune' build argument 'ament_cmake_args' from command line to 'None'
[0.222s] Level 5:colcon.colcon_core.verb:set package 'power_rune' build argument 'catkin_cmake_args' from command line to 'None'
[0.222s] Level 5:colcon.colcon_core.verb:set package 'power_rune' build argument 'catkin_skip_building_tests' from command line to 'False'
[0.222s] DEBUG:colcon.colcon_core.verb:Building package 'power_rune' with the following arguments: {'ament_cmake_args': None, 'build_base': '/home/tars-go/Downloads/rune/build/power_rune', 'catkin_cmake_args': None, 'catkin_skip_building_tests': False, 'cmake_args': None, 'cmake_clean_cache': False, 'cmake_clean_first': False, 'cmake_force_configure': False, 'cmake_target': None, 'cmake_target_skip_unavailable': False, 'install_base': '/home/tars-go/Downloads/rune/install/power_rune', 'merge_install': False, 'path': '/home/tars-go/Downloads/rune/rm_power_rune-main', 'symlink_install': True, 'test_result_base': None}
[0.223s] Level 5:colcon.colcon_core.verb:set package 'test_rune_bringup' build argument 'cmake_args' from command line to 'None'
[0.223s] Level 5:colcon.colcon_core.verb:set package 'test_rune_bringup' build argument 'cmake_target' from command line to 'None'
[0.223s] Level 5:colcon.colcon_core.verb:set package 'test_rune_bringup' build argument 'cmake_target_skip_unavailable' from command line to 'False'
[0.223s] Level 5:colcon.colcon_core.verb:set package 'test_rune_bringup' build argument 'cmake_clean_cache' from command line to 'False'
[0.223s] Level 5:colcon.colcon_core.verb:set package 'test_rune_bringup' build argument 'cmake_clean_first' from command line to 'False'
[0.223s] Level 5:colcon.colcon_core.verb:set package 'test_rune_bringup' build argument 'cmake_force_configure' from command line to 'False'
[0.223s] Level 5:colcon.colcon_core.verb:set package 'test_rune_bringup' build argument 'ament_cmake_args' from command line to 'None'
[0.223s] Level 5:colcon.colcon_core.verb:set package 'test_rune_bringup' build argument 'catkin_cmake_args' from command line to 'None'
[0.223s] Level 5:colcon.colcon_core.verb:set package 'test_rune_bringup' build argument 'catkin_skip_building_tests' from command line to 'False'
[0.223s] DEBUG:colcon.colcon_core.verb:Building package 'test_rune_bringup' with the following arguments: {'ament_cmake_args': None, 'build_base': '/home/tars-go/Downloads/rune/build/test_rune_bringup', 'catkin_cmake_args': None, 'catkin_skip_building_tests': False, 'cmake_args': None, 'cmake_clean_cache': False, 'cmake_clean_first': False, 'cmake_force_configure': False, 'cmake_target': None, 'cmake_target_skip_unavailable': False, 'install_base': '/home/tars-go/Downloads/rune/install/test_rune_bringup', 'merge_install': False, 'path': '/home/tars-go/Downloads/rune/test_rune', 'symlink_install': True, 'test_result_base': None}
[0.223s] INFO:colcon.colcon_core.executor:Executing jobs using 'parallel' executor
[0.223s] DEBUG:colcon.colcon_parallel_executor.executor.parallel:run_until_complete
[0.224s] INFO:colcon.colcon_ros.task.ament_cmake.build:Building ROS package in '/home/tars-go/Downloads/rune/rm_power_rune-main' with build type 'ament_cmake'
[0.224s] INFO:colcon.colcon_cmake.task.cmake.build:Building CMake package in '/home/tars-go/Downloads/rune/rm_power_rune-main'
[0.225s] INFO:colcon.colcon_core.plugin_system:Skipping extension 'colcon_core.shell.bat': Not used on non-Windows systems
[0.225s] INFO:colcon.colcon_core.shell:Skip shell extension 'powershell' for command environment: Not usable outside of PowerShell
[0.225s] DEBUG:colcon.colcon_core.shell:Skip shell extension 'dsv' for command environment
[0.227s] INFO:colcon.colcon_ros.task.ament_cmake.build:Building ROS package in '/home/tars-go/Downloads/rune/rm_vision_ros2_galaxy_camera-master' with build type 'ament_cmake'
[0.227s] INFO:colcon.colcon_cmake.task.cmake.build:Building CMake package in '/home/tars-go/Downloads/rune/rm_vision_ros2_galaxy_camera-master'
[0.227s] INFO:colcon.colcon_core.shell:Skip shell extension 'powershell' for command environment: Not usable outside of PowerShell
[0.227s] DEBUG:colcon.colcon_core.shell:Skip shell extension 'dsv' for command environment
[0.233s] DEBUG:colcon.colcon_core.event_handler.log_command:Invoking command in '/home/tars-go/Downloads/rune/build/power_rune': CMAKE_PREFIX_PATH=/opt/ros/humble /usr/local/bin/cmake --build /home/tars-go/Downloads/rune/build/power_rune -- -j16 -l16
[0.234s] DEBUG:colcon.colcon_core.event_handler.log_command:Invoking command in '/home/tars-go/Downloads/rune/build/galaxy_camera': CMAKE_PREFIX_PATH=/opt/ros/humble /usr/local/bin/cmake --build /home/tars-go/Downloads/rune/build/galaxy_camera -- -j16 -l16
[0.254s] DEBUG:colcon.colcon_core.event_handler.log_command:Invoked command in '/home/tars-go/Downloads/rune/build/galaxy_camera' returned '0': CMAKE_PREFIX_PATH=/opt/ros/humble /usr/local/bin/cmake --build /home/tars-go/Downloads/rune/build/galaxy_camera -- -j16 -l16
[0.271s] DEBUG:colcon.colcon_core.event_handler.log_command:Invoking command in '/home/tars-go/Downloads/rune/build/galaxy_camera': CMAKE_PREFIX_PATH=/opt/ros/humble /usr/local/bin/cmake --install /home/tars-go/Downloads/rune/build/galaxy_camera
[0.281s] Level 1:colcon.colcon_core.environment:create_environment_scripts_only(galaxy_camera)
[0.281s] DEBUG:colcon.colcon_core.event_handler.log_command:Invoked command in '/home/tars-go/Downloads/rune/build/galaxy_camera' returned '0': CMAKE_PREFIX_PATH=/opt/ros/humble /usr/local/bin/cmake --install /home/tars-go/Downloads/rune/build/galaxy_camera
[0.282s] Level 1:colcon.colcon_core.environment:checking '/home/tars-go/Downloads/rune/install/galaxy_camera' for CMake module files
[0.283s] Level 1:colcon.colcon_core.environment:checking '/home/tars-go/Downloads/rune/install/galaxy_camera' for CMake config files
[0.283s] Level 1:colcon.colcon_core.shell:create_environment_hook('galaxy_camera', 'cmake_prefix_path')
[0.283s] INFO:colcon.colcon_core.shell:Creating environment hook '/home/tars-go/Downloads/rune/install/galaxy_camera/share/galaxy_camera/hook/cmake_prefix_path.ps1'
[0.283s] INFO:colcon.colcon_core.shell:Creating environment descriptor '/home/tars-go/Downloads/rune/install/galaxy_camera/share/galaxy_camera/hook/cmake_prefix_path.dsv'
[0.284s] INFO:colcon.colcon_core.shell:Creating environment hook '/home/tars-go/Downloads/rune/install/galaxy_camera/share/galaxy_camera/hook/cmake_prefix_path.sh'
[0.284s] Level 1:colcon.colcon_core.environment:checking '/home/tars-go/Downloads/rune/install/galaxy_camera/lib'
[0.284s] Level 1:colcon.colcon_core.shell:create_environment_hook('galaxy_camera', 'ld_library_path_lib')
[0.284s] INFO:colcon.colcon_core.shell:Creating environment hook '/home/tars-go/Downloads/rune/install/galaxy_camera/share/galaxy_camera/hook/ld_library_path_lib.ps1'
[0.285s] INFO:colcon.colcon_core.shell:Creating environment descriptor '/home/tars-go/Downloads/rune/install/galaxy_camera/share/galaxy_camera/hook/ld_library_path_lib.dsv'
[0.285s] INFO:colcon.colcon_core.shell:Creating environment hook '/home/tars-go/Downloads/rune/install/galaxy_camera/share/galaxy_camera/hook/ld_library_path_lib.sh'
[0.285s] Level 1:colcon.colcon_core.environment:checking '/home/tars-go/Downloads/rune/install/galaxy_camera/bin'
[0.285s] Level 1:colcon.colcon_core.environment:checking '/home/tars-go/Downloads/rune/install/galaxy_camera/lib/pkgconfig/galaxy_camera.pc'
[0.285s] Level 1:colcon.colcon_core.environment:checking '/home/tars-go/Downloads/rune/install/galaxy_camera/lib/python3.10/site-packages'
[0.285s] Level 1:colcon.colcon_core.environment:checking '/home/tars-go/Downloads/rune/install/galaxy_camera/bin'
[0.286s] INFO:colcon.colcon_core.shell:Creating package script '/home/tars-go/Downloads/rune/install/galaxy_camera/share/galaxy_camera/package.ps1'
[0.286s] INFO:colcon.colcon_core.shell:Creating package descriptor '/home/tars-go/Downloads/rune/install/galaxy_camera/share/galaxy_camera/package.dsv'
[0.287s] INFO:colcon.colcon_core.shell:Creating package script '/home/tars-go/Downloads/rune/install/galaxy_camera/share/galaxy_camera/package.sh'
[0.287s] INFO:colcon.colcon_core.shell:Creating package script '/home/tars-go/Downloads/rune/install/galaxy_camera/share/galaxy_camera/package.bash'
[0.288s] INFO:colcon.colcon_core.shell:Creating package script '/home/tars-go/Downloads/rune/install/galaxy_camera/share/galaxy_camera/package.zsh'
[0.288s] Level 1:colcon.colcon_core.environment:create_file_with_runtime_dependencies(/home/tars-go/Downloads/rune/install/galaxy_camera/share/colcon-core/packages/galaxy_camera)
[0.301s] Level 1:colcon.colcon_core.environment:create_environment_scripts_only(galaxy_camera)
[0.301s] Level 1:colcon.colcon_core.environment:checking '/home/tars-go/Downloads/rune/install/galaxy_camera' for CMake module files
[0.302s] Level 1:colcon.colcon_core.environment:checking '/home/tars-go/Downloads/rune/install/galaxy_camera' for CMake config files
[0.302s] Level 1:colcon.colcon_core.shell:create_environment_hook('galaxy_camera', 'cmake_prefix_path')
[0.302s] INFO:colcon.colcon_core.shell:Creating environment hook '/home/tars-go/Downloads/rune/install/galaxy_camera/share/galaxy_camera/hook/cmake_prefix_path.ps1'
[0.302s] INFO:colcon.colcon_core.shell:Creating environment descriptor '/home/tars-go/Downloads/rune/install/galaxy_camera/share/galaxy_camera/hook/cmake_prefix_path.dsv'
[0.303s] INFO:colcon.colcon_core.shell:Creating environment hook '/home/tars-go/Downloads/rune/install/galaxy_camera/share/galaxy_camera/hook/cmake_prefix_path.sh'
[0.303s] Level 1:colcon.colcon_core.environment:checking '/home/tars-go/Downloads/rune/install/galaxy_camera/lib'
[0.303s] Level 1:colcon.colcon_core.shell:create_environment_hook('galaxy_camera', 'ld_library_path_lib')
[0.303s] INFO:colcon.colcon_core.shell:Creating environment hook '/home/tars-go/Downloads/rune/install/galaxy_camera/share/galaxy_camera/hook/ld_library_path_lib.ps1'
[0.303s] INFO:colcon.colcon_core.shell:Creating environment descriptor '/home/tars-go/Downloads/rune/install/galaxy_camera/share/galaxy_camera/hook/ld_library_path_lib.dsv'
[0.303s] INFO:colcon.colcon_core.shell:Creating environment hook '/home/tars-go/Downloads/rune/install/galaxy_camera/share/galaxy_camera/hook/ld_library_path_lib.sh'
[0.304s] Level 1:colcon.colcon_core.environment:checking '/home/tars-go/Downloads/rune/install/galaxy_camera/bin'
[0.304s] Level 1:colcon.colcon_core.environment:checking '/home/tars-go/Downloads/rune/install/galaxy_camera/lib/pkgconfig/galaxy_camera.pc'
[0.304s] Level 1:colcon.colcon_core.environment:checking '/home/tars-go/Downloads/rune/install/galaxy_camera/lib/python3.10/site-packages'
[0.304s] Level 1:colcon.colcon_core.environment:checking '/home/tars-go/Downloads/rune/install/galaxy_camera/bin'
[0.304s] INFO:colcon.colcon_core.shell:Creating package script '/home/tars-go/Downloads/rune/install/galaxy_camera/share/galaxy_camera/package.ps1'
[0.304s] INFO:colcon.colcon_core.shell:Creating package descriptor '/home/tars-go/Downloads/rune/install/galaxy_camera/share/galaxy_camera/package.dsv'
[0.305s] INFO:colcon.colcon_core.shell:Creating package script '/home/tars-go/Downloads/rune/install/galaxy_camera/share/galaxy_camera/package.sh'
[0.305s] INFO:colcon.colcon_core.shell:Creating package script '/home/tars-go/Downloads/rune/install/galaxy_camera/share/galaxy_camera/package.bash'
[0.305s] INFO:colcon.colcon_core.shell:Creating package script '/home/tars-go/Downloads/rune/install/galaxy_camera/share/galaxy_camera/package.zsh'
[0.305s] Level 1:colcon.colcon_core.environment:create_file_with_runtime_dependencies(/home/tars-go/Downloads/rune/install/galaxy_camera/share/colcon-core/packages/galaxy_camera)
[8.220s] DEBUG:colcon.colcon_core.event_handler.log_command:Invoked command in '/home/tars-go/Downloads/rune/build/power_rune' returned '0': CMAKE_PREFIX_PATH=/opt/ros/humble /usr/local/bin/cmake --build /home/tars-go/Downloads/rune/build/power_rune -- -j16 -l16
[8.238s] DEBUG:colcon.colcon_core.event_handler.log_command:Invoking command in '/home/tars-go/Downloads/rune/build/power_rune': CMAKE_PREFIX_PATH=/opt/ros/humble /usr/local/bin/cmake --install /home/tars-go/Downloads/rune/build/power_rune
[8.279s] Level 1:colcon.colcon_core.environment:create_environment_scripts_only(power_rune)
[8.279s] Level 1:colcon.colcon_core.environment:checking '/home/tars-go/Downloads/rune/install/power_rune' for CMake module files
[8.280s] DEBUG:colcon.colcon_core.event_handler.log_command:Invoked command in '/home/tars-go/Downloads/rune/build/power_rune' returned '0': CMAKE_PREFIX_PATH=/opt/ros/humble /usr/local/bin/cmake --install /home/tars-go/Downloads/rune/build/power_rune
[8.280s] Level 1:colcon.colcon_core.environment:checking '/home/tars-go/Downloads/rune/install/power_rune' for CMake config files
[8.280s] Level 1:colcon.colcon_core.shell:create_environment_hook('power_rune', 'cmake_prefix_path')
[8.280s] INFO:colcon.colcon_core.shell:Creating environment hook '/home/tars-go/Downloads/rune/install/power_rune/share/power_rune/hook/cmake_prefix_path.ps1'
[8.281s] INFO:colcon.colcon_core.shell:Creating environment descriptor '/home/tars-go/Downloads/rune/install/power_rune/share/power_rune/hook/cmake_prefix_path.dsv'
[8.281s] INFO:colcon.colcon_core.shell:Creating environment hook '/home/tars-go/Downloads/rune/install/power_rune/share/power_rune/hook/cmake_prefix_path.sh'
[8.281s] Level 1:colcon.colcon_core.environment:checking '/home/tars-go/Downloads/rune/install/power_rune/lib'
[8.281s] Level 1:colcon.colcon_core.shell:create_environment_hook('power_rune', 'ld_library_path_lib')
[8.281s] INFO:colcon.colcon_core.shell:Creating environment hook '/home/tars-go/Downloads/rune/install/power_rune/share/power_rune/hook/ld_library_path_lib.ps1'
[8.281s] INFO:colcon.colcon_core.shell:Creating environment descriptor '/home/tars-go/Downloads/rune/install/power_rune/share/power_rune/hook/ld_library_path_lib.dsv'
[8.281s] INFO:colcon.colcon_core.shell:Creating environment hook '/home/tars-go/Downloads/rune/install/power_rune/share/power_rune/hook/ld_library_path_lib.sh'
[8.282s] Level 1:colcon.colcon_core.environment:checking '/home/tars-go/Downloads/rune/install/power_rune/bin'
[8.282s] Level 1:colcon.colcon_core.environment:checking '/home/tars-go/Downloads/rune/install/power_rune/lib/pkgconfig/power_rune.pc'
[8.282s] Level 1:colcon.colcon_core.environment:checking '/home/tars-go/Downloads/rune/install/power_rune/lib/python3.10/site-packages'
[8.282s] Level 1:colcon.colcon_core.environment:checking '/home/tars-go/Downloads/rune/install/power_rune/bin'
[8.282s] INFO:colcon.colcon_core.shell:Creating package script '/home/tars-go/Downloads/rune/install/power_rune/share/power_rune/package.ps1'
[8.282s] INFO:colcon.colcon_core.shell:Creating package descriptor '/home/tars-go/Downloads/rune/install/power_rune/share/power_rune/package.dsv'
[8.282s] INFO:colcon.colcon_core.shell:Creating package script '/home/tars-go/Downloads/rune/install/power_rune/share/power_rune/package.sh'
[8.283s] INFO:colcon.colcon_core.shell:Creating package script '/home/tars-go/Downloads/rune/install/power_rune/share/power_rune/package.bash'
[8.283s] INFO:colcon.colcon_core.shell:Creating package script '/home/tars-go/Downloads/rune/install/power_rune/share/power_rune/package.zsh'
[8.283s] Level 1:colcon.colcon_core.environment:create_file_with_runtime_dependencies(/home/tars-go/Downloads/rune/install/power_rune/share/colcon-core/packages/power_rune)
[8.301s] Level 1:colcon.colcon_core.environment:create_environment_scripts_only(power_rune)
[8.301s] Level 1:colcon.colcon_core.environment:checking '/home/tars-go/Downloads/rune/install/power_rune' for CMake module files
[8.301s] Level 1:colcon.colcon_core.environment:checking '/home/tars-go/Downloads/rune/install/power_rune' for CMake config files
[8.301s] Level 1:colcon.colcon_core.shell:create_environment_hook('power_rune', 'cmake_prefix_path')
[8.302s] INFO:colcon.colcon_core.shell:Creating environment hook '/home/tars-go/Downloads/rune/install/power_rune/share/power_rune/hook/cmake_prefix_path.ps1'
[8.302s] INFO:colcon.colcon_core.shell:Creating environment descriptor '/home/tars-go/Downloads/rune/install/power_rune/share/power_rune/hook/cmake_prefix_path.dsv'
[8.302s] INFO:colcon.colcon_core.shell:Creating environment hook '/home/tars-go/Downloads/rune/install/power_rune/share/power_rune/hook/cmake_prefix_path.sh'
[8.302s] Level 1:colcon.colcon_core.environment:checking '/home/tars-go/Downloads/rune/install/power_rune/lib'
[8.302s] Level 1:colcon.colcon_core.shell:create_environment_hook('power_rune', 'ld_library_path_lib')
[8.302s] INFO:colcon.colcon_core.shell:Creating environment hook '/home/tars-go/Downloads/rune/install/power_rune/share/power_rune/hook/ld_library_path_lib.ps1'
[8.303s] INFO:colcon.colcon_core.shell:Creating environment descriptor '/home/tars-go/Downloads/rune/install/power_rune/share/power_rune/hook/ld_library_path_lib.dsv'
[8.303s] INFO:colcon.colcon_core.shell:Creating environment hook '/home/tars-go/Downloads/rune/install/power_rune/share/power_rune/hook/ld_library_path_lib.sh'
[8.303s] Level 1:colcon.colcon_core.environment:checking '/home/tars-go/Downloads/rune/install/power_rune/bin'
[8.303s] Level 1:colcon.colcon_core.environment:checking '/home/tars-go/Downloads/rune/install/power_rune/lib/pkgconfig/power_rune.pc'
[8.303s] Level 1:colcon.colcon_core.environment:checking '/home/tars-go/Downloads/rune/install/power_rune/lib/python3.10/site-packages'
[8.303s] Level 1:colcon.colcon_core.environment:checking '/home/tars-go/Downloads/rune/install/power_rune/bin'
[8.303s] INFO:colcon.colcon_core.shell:Creating package script '/home/tars-go/Downloads/rune/install/power_rune/share/power_rune/package.ps1'
[8.304s] INFO:colcon.colcon_core.shell:Creating package descriptor '/home/tars-go/Downloads/rune/install/power_rune/share/power_rune/package.dsv'
[8.304s] INFO:colcon.colcon_core.shell:Creating package script '/home/tars-go/Downloads/rune/install/power_rune/share/power_rune/package.sh'
[8.304s] INFO:colcon.colcon_core.shell:Creating package script '/home/tars-go/Downloads/rune/install/power_rune/share/power_rune/package.bash'
[8.304s] INFO:colcon.colcon_core.shell:Creating package script '/home/tars-go/Downloads/rune/install/power_rune/share/power_rune/package.zsh'
[8.305s] Level 1:colcon.colcon_core.environment:create_file_with_runtime_dependencies(/home/tars-go/Downloads/rune/install/power_rune/share/colcon-core/packages/power_rune)
[8.305s] INFO:colcon.colcon_ros.task.ament_cmake.build:Building ROS package in '/home/tars-go/Downloads/rune/test_rune' with build type 'ament_cmake'
[8.305s] INFO:colcon.colcon_cmake.task.cmake.build:Building CMake package in '/home/tars-go/Downloads/rune/test_rune'
[8.305s] INFO:colcon.colcon_core.shell:Skip shell extension 'powershell' for command environment: Not usable outside of PowerShell
[8.305s] DEBUG:colcon.colcon_core.shell:Skip shell extension 'dsv' for command environment
[8.311s] DEBUG:colcon.colcon_core.event_handler.log_command:Invoking command in '/home/tars-go/Downloads/rune/build/test_rune_bringup': AMENT_PREFIX_PATH=/home/tars-go/Downloads/rune/install/power_rune:${AMENT_PREFIX_PATH} CMAKE_PREFIX_PATH=/home/tars-go/Downloads/rune/install/power_rune:/opt/ros/humble LD_LIBRARY_PATH=/home/tars-go/Downloads/rune/install/power_rune/lib:/opt/intel/openvino_2024.2.0/runtime/3rdparty/tbb/lib:/opt/intel/openvino_2024.2.0/runtime/lib/intel64:/opt/ros/humble/opt/rviz_ogre_vendor/lib:/opt/ros/humble/lib/x86_64-linux-gnu:/opt/ros/humble/lib:/opt/MVS/lib/64:/opt/MVS/lib/32:/opt/MVS/lib/64:/opt/MVS/lib/32:/opt/MVS/lib/64:/opt/MVS/lib/32 /usr/local/bin/cmake /home/tars-go/Downloads/rune/test_rune -DAMENT_CMAKE_SYMLINK_INSTALL=1 -DCMAKE_INSTALL_PREFIX=/home/tars-go/Downloads/rune/install/test_rune_bringup
[8.647s] DEBUG:colcon.colcon_core.event_handler.log_command:Invoked command in '/home/tars-go/Downloads/rune/build/test_rune_bringup' returned '1': AMENT_PREFIX_PATH=/home/tars-go/Downloads/rune/install/power_rune:${AMENT_PREFIX_PATH} CMAKE_PREFIX_PATH=/home/tars-go/Downloads/rune/install/power_rune:/opt/ros/humble LD_LIBRARY_PATH=/home/tars-go/Downloads/rune/install/power_rune/lib:/opt/intel/openvino_2024.2.0/runtime/3rdparty/tbb/lib:/opt/intel/openvino_2024.2.0/runtime/lib/intel64:/opt/ros/humble/opt/rviz_ogre_vendor/lib:/opt/ros/humble/lib/x86_64-linux-gnu:/opt/ros/humble/lib:/opt/MVS/lib/64:/opt/MVS/lib/32:/opt/MVS/lib/64:/opt/MVS/lib/32:/opt/MVS/lib/64:/opt/MVS/lib/32 /usr/local/bin/cmake /home/tars-go/Downloads/rune/test_rune -DAMENT_CMAKE_SYMLINK_INSTALL=1 -DCMAKE_INSTALL_PREFIX=/home/tars-go/Downloads/rune/install/test_rune_bringup
[8.651s] Level 1:colcon.colcon_core.environment:create_environment_scripts_only(test_rune_bringup)
[8.651s] Level 1:colcon.colcon_core.environment:checking '/home/tars-go/Downloads/rune/install/test_rune_bringup' for CMake module files
[8.651s] Level 1:colcon.colcon_core.environment:checking '/home/tars-go/Downloads/rune/install/test_rune_bringup' for CMake config files
[8.651s] Level 1:colcon.colcon_core.environment:checking '/home/tars-go/Downloads/rune/install/test_rune_bringup/bin'
[8.651s] Level 1:colcon.colcon_core.environment:checking '/home/tars-go/Downloads/rune/install/test_rune_bringup/lib/pkgconfig/test_rune_bringup.pc'
[8.651s] Level 1:colcon.colcon_core.environment:checking '/home/tars-go/Downloads/rune/install/test_rune_bringup/lib/python3.10/site-packages'
[8.651s] Level 1:colcon.colcon_core.environment:checking '/home/tars-go/Downloads/rune/install/test_rune_bringup/bin'
[8.652s] INFO:colcon.colcon_core.shell:Creating package script '/home/tars-go/Downloads/rune/install/test_rune_bringup/share/test_rune_bringup/package.ps1'
[8.652s] INFO:colcon.colcon_core.shell:Creating package descriptor '/home/tars-go/Downloads/rune/install/test_rune_bringup/share/test_rune_bringup/package.dsv'
[8.652s] INFO:colcon.colcon_core.shell:Creating package script '/home/tars-go/Downloads/rune/install/test_rune_bringup/share/test_rune_bringup/package.sh'
[8.652s] INFO:colcon.colcon_core.shell:Creating package script '/home/tars-go/Downloads/rune/install/test_rune_bringup/share/test_rune_bringup/package.bash'
[8.652s] INFO:colcon.colcon_core.shell:Creating package script '/home/tars-go/Downloads/rune/install/test_rune_bringup/share/test_rune_bringup/package.zsh'
[8.652s] Level 1:colcon.colcon_core.environment:create_file_with_runtime_dependencies(/home/tars-go/Downloads/rune/install/test_rune_bringup/share/colcon-core/packages/test_rune_bringup)
[8.663s] DEBUG:colcon.colcon_parallel_executor.executor.parallel:closing loop
[8.663s] DEBUG:colcon.colcon_parallel_executor.executor.parallel:loop closed
[8.663s] DEBUG:colcon.colcon_parallel_executor.executor.parallel:run_until_complete finished with '1'
[8.663s] DEBUG:colcon.colcon_core.event_reactor:joining thread
[8.666s] INFO:colcon.colcon_core.plugin_system:Skipping extension 'colcon_notification.desktop_notification.terminal_notifier': Not used on non-Darwin systems
[8.666s] INFO:colcon.colcon_core.plugin_system:Skipping extension 'colcon_notification.desktop_notification.win32': Not used on non-Windows systems
[8.666s] INFO:colcon.colcon_notification.desktop_notification:Sending desktop notification using 'notify2'
[8.674s] DEBUG:colcon.colcon_core.event_reactor:joined thread
[8.675s] INFO:colcon.colcon_core.shell:Creating prefix script '/home/tars-go/Downloads/rune/install/local_setup.ps1'
[8.675s] INFO:colcon.colcon_core.shell:Creating prefix util module '/home/tars-go/Downloads/rune/install/_local_setup_util_ps1.py'
[8.676s] INFO:colcon.colcon_core.shell:Creating prefix chain script '/home/tars-go/Downloads/rune/install/setup.ps1'
[8.676s] INFO:colcon.colcon_core.shell:Creating prefix script '/home/tars-go/Downloads/rune/install/local_setup.sh'
[8.677s] INFO:colcon.colcon_core.shell:Creating prefix util module '/home/tars-go/Downloads/rune/install/_local_setup_util_sh.py'
[8.677s] INFO:colcon.colcon_core.shell:Creating prefix chain script '/home/tars-go/Downloads/rune/install/setup.sh'
[8.677s] INFO:colcon.colcon_core.shell:Creating prefix script '/home/tars-go/Downloads/rune/install/local_setup.bash'
[8.677s] INFO:colcon.colcon_core.shell:Creating prefix chain script '/home/tars-go/Downloads/rune/install/setup.bash'
[8.678s] INFO:colcon.colcon_core.shell:Creating prefix script '/home/tars-go/Downloads/rune/install/local_setup.zsh'
[8.678s] INFO:colcon.colcon_core.shell:Creating prefix chain script '/home/tars-go/Downloads/rune/install/setup.zsh'
