[0.059s] DEBUG:colcon:Command line arguments: ['/usr/bin/colcon', 'build', '--symlink-install']
[0.059s] DEBUG:colcon:Parsed command line arguments: Namespace(log_base=None, log_level=None, verb_name='build', build_base='build', install_base='install', merge_install=False, symlink_install=True, test_result_base=None, continue_on_error=False, executor='parallel', parallel_workers=16, event_handlers=None, ignore_user_meta=False, metas=['./colcon.meta'], base_paths=['.'], packages_ignore=None, packages_ignore_regex=None, paths=None, packages_up_to=None, packages_up_to_regex=None, packages_above=None, packages_above_and_dependencies=None, packages_above_depth=None, packages_select_by_dep=None, packages_skip_by_dep=None, packages_skip_up_to=None, packages_select_build_failed=False, packages_skip_build_finished=False, packages_select_test_failures=False, packages_skip_test_passed=False, packages_select=None, packages_skip=None, packages_select_regex=None, packages_skip_regex=None, packages_start=None, packages_end=None, allow_overriding=[], cmake_args=None, cmake_target=None, cmake_target_skip_unavailable=False, cmake_clean_cache=False, cmake_clean_first=False, cmake_force_configure=False, ament_cmake_args=None, catkin_cmake_args=None, catkin_skip_building_tests=False, verb_parser=<colcon_defaults.argument_parser.defaults.DefaultArgumentsDecorator object at 0x7506670359f0>, verb_extension=<colcon_core.verb.build.BuildVerb object at 0x7506671ab010>, main=<bound method BuildVerb.main of <colcon_core.verb.build.BuildVerb object at 0x7506671ab010>>)
[0.158s] Level 1:colcon.colcon_core.package_discovery:discover_packages(colcon_meta) check parameters
[0.158s] Level 1:colcon.colcon_core.package_discovery:discover_packages(recursive) check parameters
[0.158s] Level 1:colcon.colcon_core.package_discovery:discover_packages(ignore) check parameters
[0.158s] Level 1:colcon.colcon_core.package_discovery:discover_packages(path) check parameters
[0.158s] Level 1:colcon.colcon_core.package_discovery:discover_packages(colcon_meta) discover
[0.158s] Level 1:colcon.colcon_core.package_discovery:discover_packages(recursive) discover
[0.158s] INFO:colcon.colcon_core.package_discovery:Crawling recursively for packages in '/home/tars-go/Downloads/rune'
[0.158s] Level 1:colcon.colcon_core.package_identification:_identify(.) by extensions ['ignore', 'ignore_ament_install']
[0.158s] Level 1:colcon.colcon_core.package_identification:_identify(.) by extension 'ignore'
[0.158s] Level 1:colcon.colcon_core.package_identification:_identify(.) by extension 'ignore_ament_install'
[0.158s] Level 1:colcon.colcon_core.package_identification:_identify(.) by extensions ['colcon_pkg']
[0.158s] Level 1:colcon.colcon_core.package_identification:_identify(.) by extension 'colcon_pkg'
[0.158s] Level 1:colcon.colcon_core.package_identification:_identify(.) by extensions ['colcon_meta']
[0.158s] Level 1:colcon.colcon_core.package_identification:_identify(.) by extension 'colcon_meta'
[0.158s] Level 1:colcon.colcon_core.package_identification:_identify(.) by extensions ['ros']
[0.158s] Level 1:colcon.colcon_core.package_identification:_identify(.) by extension 'ros'
[0.169s] Level 1:colcon.colcon_core.package_identification:_identify(.) by extensions ['cmake', 'python']
[0.169s] Level 1:colcon.colcon_core.package_identification:_identify(.) by extension 'cmake'
[0.169s] Level 1:colcon.colcon_core.package_identification:_identify(.) by extension 'python'
[0.169s] Level 1:colcon.colcon_core.package_identification:_identify(.) by extensions ['python_setup_py']
[0.169s] Level 1:colcon.colcon_core.package_identification:_identify(.) by extension 'python_setup_py'
[0.170s] Level 1:colcon.colcon_core.package_identification:_identify(build) by extensions ['ignore', 'ignore_ament_install']
[0.170s] Level 1:colcon.colcon_core.package_identification:_identify(build) by extension 'ignore'
[0.170s] Level 1:colcon.colcon_core.package_identification:_identify(build) ignored
[0.170s] Level 1:colcon.colcon_core.package_identification:_identify(install) by extensions ['ignore', 'ignore_ament_install']
[0.170s] Level 1:colcon.colcon_core.package_identification:_identify(install) by extension 'ignore'
[0.170s] Level 1:colcon.colcon_core.package_identification:_identify(install) ignored
[0.170s] Level 1:colcon.colcon_core.package_identification:_identify(log) by extensions ['ignore', 'ignore_ament_install']
[0.170s] Level 1:colcon.colcon_core.package_identification:_identify(log) by extension 'ignore'
[0.170s] Level 1:colcon.colcon_core.package_identification:_identify(log) ignored
[0.170s] Level 1:colcon.colcon_core.package_identification:_identify(rm_power_rune-main) by extensions ['ignore', 'ignore_ament_install']
[0.170s] Level 1:colcon.colcon_core.package_identification:_identify(rm_power_rune-main) by extension 'ignore'
[0.170s] Level 1:colcon.colcon_core.package_identification:_identify(rm_power_rune-main) by extension 'ignore_ament_install'
[0.170s] Level 1:colcon.colcon_core.package_identification:_identify(rm_power_rune-main) by extensions ['colcon_pkg']
[0.170s] Level 1:colcon.colcon_core.package_identification:_identify(rm_power_rune-main) by extension 'colcon_pkg'
[0.170s] Level 1:colcon.colcon_core.package_identification:_identify(rm_power_rune-main) by extensions ['colcon_meta']
[0.171s] Level 1:colcon.colcon_core.package_identification:_identify(rm_power_rune-main) by extension 'colcon_meta'
[0.171s] Level 1:colcon.colcon_core.package_identification:_identify(rm_power_rune-main) by extensions ['ros']
[0.171s] Level 1:colcon.colcon_core.package_identification:_identify(rm_power_rune-main) by extension 'ros'
[0.173s] DEBUG:colcon.colcon_core.package_identification:Package 'rm_power_rune-main' with type 'ros.ament_cmake' and name 'power_rune'
[0.173s] Level 1:colcon.colcon_core.package_identification:_identify(rm_vision_ros2_galaxy_camera-master) by extensions ['ignore', 'ignore_ament_install']
[0.173s] Level 1:colcon.colcon_core.package_identification:_identify(rm_vision_ros2_galaxy_camera-master) by extension 'ignore'
[0.173s] Level 1:colcon.colcon_core.package_identification:_identify(rm_vision_ros2_galaxy_camera-master) by extension 'ignore_ament_install'
[0.173s] Level 1:colcon.colcon_core.package_identification:_identify(rm_vision_ros2_galaxy_camera-master) by extensions ['colcon_pkg']
[0.173s] Level 1:colcon.colcon_core.package_identification:_identify(rm_vision_ros2_galaxy_camera-master) by extension 'colcon_pkg'
[0.174s] Level 1:colcon.colcon_core.package_identification:_identify(rm_vision_ros2_galaxy_camera-master) by extensions ['colcon_meta']
[0.174s] Level 1:colcon.colcon_core.package_identification:_identify(rm_vision_ros2_galaxy_camera-master) by extension 'colcon_meta'
[0.174s] Level 1:colcon.colcon_core.package_identification:_identify(rm_vision_ros2_galaxy_camera-master) by extensions ['ros']
[0.174s] Level 1:colcon.colcon_core.package_identification:_identify(rm_vision_ros2_galaxy_camera-master) by extension 'ros'
[0.175s] DEBUG:colcon.colcon_core.package_identification:Package 'rm_vision_ros2_galaxy_camera-master' with type 'ros.ament_cmake' and name 'galaxy_camera'
[0.175s] Level 1:colcon.colcon_core.package_identification:_identify(test_rune) by extensions ['ignore', 'ignore_ament_install']
[0.175s] Level 1:colcon.colcon_core.package_identification:_identify(test_rune) by extension 'ignore'
[0.175s] Level 1:colcon.colcon_core.package_identification:_identify(test_rune) by extension 'ignore_ament_install'
[0.175s] Level 1:colcon.colcon_core.package_identification:_identify(test_rune) by extensions ['colcon_pkg']
[0.175s] Level 1:colcon.colcon_core.package_identification:_identify(test_rune) by extension 'colcon_pkg'
[0.175s] Level 1:colcon.colcon_core.package_identification:_identify(test_rune) by extensions ['colcon_meta']
[0.175s] Level 1:colcon.colcon_core.package_identification:_identify(test_rune) by extension 'colcon_meta'
[0.175s] Level 1:colcon.colcon_core.package_identification:_identify(test_rune) by extensions ['ros']
[0.175s] Level 1:colcon.colcon_core.package_identification:_identify(test_rune) by extension 'ros'
[0.176s] DEBUG:colcon.colcon_core.package_identification:Package 'test_rune' with type 'ros.ament_cmake' and name 'test_rune_bringup'
[0.176s] Level 1:colcon.colcon_core.package_discovery:discover_packages(recursive) using defaults
[0.176s] Level 1:colcon.colcon_core.package_discovery:discover_packages(ignore) discover
[0.176s] Level 1:colcon.colcon_core.package_discovery:discover_packages(ignore) using defaults
[0.176s] Level 1:colcon.colcon_core.package_discovery:discover_packages(path) discover
[0.176s] Level 1:colcon.colcon_core.package_discovery:discover_packages(path) using defaults
[0.194s] Level 1:colcon.colcon_core.package_discovery:discover_packages(prefix_path) check parameters
[0.194s] Level 1:colcon.colcon_core.package_discovery:discover_packages(prefix_path) discover
[0.195s] DEBUG:colcon.colcon_installed_package_information.package_discovery:Found 331 installed packages in /opt/ros/humble
[0.202s] Level 1:colcon.colcon_core.package_discovery:discover_packages(prefix_path) using defaults
[0.224s] Level 5:colcon.colcon_core.verb:set package 'galaxy_camera' build argument 'cmake_args' from command line to 'None'
[0.224s] Level 5:colcon.colcon_core.verb:set package 'galaxy_camera' build argument 'cmake_target' from command line to 'None'
[0.224s] Level 5:colcon.colcon_core.verb:set package 'galaxy_camera' build argument 'cmake_target_skip_unavailable' from command line to 'False'
[0.224s] Level 5:colcon.colcon_core.verb:set package 'galaxy_camera' build argument 'cmake_clean_cache' from command line to 'False'
[0.224s] Level 5:colcon.colcon_core.verb:set package 'galaxy_camera' build argument 'cmake_clean_first' from command line to 'False'
[0.224s] Level 5:colcon.colcon_core.verb:set package 'galaxy_camera' build argument 'cmake_force_configure' from command line to 'False'
[0.224s] Level 5:colcon.colcon_core.verb:set package 'galaxy_camera' build argument 'ament_cmake_args' from command line to 'None'
[0.224s] Level 5:colcon.colcon_core.verb:set package 'galaxy_camera' build argument 'catkin_cmake_args' from command line to 'None'
[0.224s] Level 5:colcon.colcon_core.verb:set package 'galaxy_camera' build argument 'catkin_skip_building_tests' from command line to 'False'
[0.224s] DEBUG:colcon.colcon_core.verb:Building package 'galaxy_camera' with the following arguments: {'ament_cmake_args': None, 'build_base': '/home/tars-go/Downloads/rune/build/galaxy_camera', 'catkin_cmake_args': None, 'catkin_skip_building_tests': False, 'cmake_args': None, 'cmake_clean_cache': False, 'cmake_clean_first': False, 'cmake_force_configure': False, 'cmake_target': None, 'cmake_target_skip_unavailable': False, 'install_base': '/home/tars-go/Downloads/rune/install/galaxy_camera', 'merge_install': False, 'path': '/home/tars-go/Downloads/rune/rm_vision_ros2_galaxy_camera-master', 'symlink_install': True, 'test_result_base': None}
[0.224s] Level 5:colcon.colcon_core.verb:set package 'power_rune' build argument 'cmake_args' from command line to 'None'
[0.224s] Level 5:colcon.colcon_core.verb:set package 'power_rune' build argument 'cmake_target' from command line to 'None'
[0.224s] Level 5:colcon.colcon_core.verb:set package 'power_rune' build argument 'cmake_target_skip_unavailable' from command line to 'False'
[0.224s] Level 5:colcon.colcon_core.verb:set package 'power_rune' build argument 'cmake_clean_cache' from command line to 'False'
[0.224s] Level 5:colcon.colcon_core.verb:set package 'power_rune' build argument 'cmake_clean_first' from command line to 'False'
[0.224s] Level 5:colcon.colcon_core.verb:set package 'power_rune' build argument 'cmake_force_configure' from command line to 'False'
[0.224s] Level 5:colcon.colcon_core.verb:set package 'power_rune' build argument 'ament_cmake_args' from command line to 'None'
[0.224s] Level 5:colcon.colcon_core.verb:set package 'power_rune' build argument 'catkin_cmake_args' from command line to 'None'
[0.224s] Level 5:colcon.colcon_core.verb:set package 'power_rune' build argument 'catkin_skip_building_tests' from command line to 'False'
[0.224s] DEBUG:colcon.colcon_core.verb:Building package 'power_rune' with the following arguments: {'ament_cmake_args': None, 'build_base': '/home/tars-go/Downloads/rune/build/power_rune', 'catkin_cmake_args': None, 'catkin_skip_building_tests': False, 'cmake_args': None, 'cmake_clean_cache': False, 'cmake_clean_first': False, 'cmake_force_configure': False, 'cmake_target': None, 'cmake_target_skip_unavailable': False, 'install_base': '/home/tars-go/Downloads/rune/install/power_rune', 'merge_install': False, 'path': '/home/tars-go/Downloads/rune/rm_power_rune-main', 'symlink_install': True, 'test_result_base': None}
[0.225s] Level 5:colcon.colcon_core.verb:set package 'test_rune_bringup' build argument 'cmake_args' from command line to 'None'
[0.225s] Level 5:colcon.colcon_core.verb:set package 'test_rune_bringup' build argument 'cmake_target' from command line to 'None'
[0.225s] Level 5:colcon.colcon_core.verb:set package 'test_rune_bringup' build argument 'cmake_target_skip_unavailable' from command line to 'False'
[0.225s] Level 5:colcon.colcon_core.verb:set package 'test_rune_bringup' build argument 'cmake_clean_cache' from command line to 'False'
[0.225s] Level 5:colcon.colcon_core.verb:set package 'test_rune_bringup' build argument 'cmake_clean_first' from command line to 'False'
[0.225s] Level 5:colcon.colcon_core.verb:set package 'test_rune_bringup' build argument 'cmake_force_configure' from command line to 'False'
[0.225s] Level 5:colcon.colcon_core.verb:set package 'test_rune_bringup' build argument 'ament_cmake_args' from command line to 'None'
[0.225s] Level 5:colcon.colcon_core.verb:set package 'test_rune_bringup' build argument 'catkin_cmake_args' from command line to 'None'
[0.225s] Level 5:colcon.colcon_core.verb:set package 'test_rune_bringup' build argument 'catkin_skip_building_tests' from command line to 'False'
[0.225s] DEBUG:colcon.colcon_core.verb:Building package 'test_rune_bringup' with the following arguments: {'ament_cmake_args': None, 'build_base': '/home/tars-go/Downloads/rune/build/test_rune_bringup', 'catkin_cmake_args': None, 'catkin_skip_building_tests': False, 'cmake_args': None, 'cmake_clean_cache': False, 'cmake_clean_first': False, 'cmake_force_configure': False, 'cmake_target': None, 'cmake_target_skip_unavailable': False, 'install_base': '/home/tars-go/Downloads/rune/install/test_rune_bringup', 'merge_install': False, 'path': '/home/tars-go/Downloads/rune/test_rune', 'symlink_install': True, 'test_result_base': None}
[0.225s] INFO:colcon.colcon_core.executor:Executing jobs using 'parallel' executor
[0.226s] DEBUG:colcon.colcon_parallel_executor.executor.parallel:run_until_complete
[0.226s] INFO:colcon.colcon_ros.task.ament_cmake.build:Building ROS package in '/home/tars-go/Downloads/rune/rm_power_rune-main' with build type 'ament_cmake'
[0.226s] INFO:colcon.colcon_cmake.task.cmake.build:Building CMake package in '/home/tars-go/Downloads/rune/rm_power_rune-main'
[0.227s] INFO:colcon.colcon_core.plugin_system:Skipping extension 'colcon_core.shell.bat': Not used on non-Windows systems
[0.227s] INFO:colcon.colcon_core.shell:Skip shell extension 'powershell' for command environment: Not usable outside of PowerShell
[0.227s] DEBUG:colcon.colcon_core.shell:Skip shell extension 'dsv' for command environment
[0.229s] INFO:colcon.colcon_ros.task.ament_cmake.build:Building ROS package in '/home/tars-go/Downloads/rune/rm_vision_ros2_galaxy_camera-master' with build type 'ament_cmake'
[0.229s] INFO:colcon.colcon_cmake.task.cmake.build:Building CMake package in '/home/tars-go/Downloads/rune/rm_vision_ros2_galaxy_camera-master'
[0.230s] INFO:colcon.colcon_core.shell:Skip shell extension 'powershell' for command environment: Not usable outside of PowerShell
[0.230s] DEBUG:colcon.colcon_core.shell:Skip shell extension 'dsv' for command environment
[0.234s] DEBUG:colcon.colcon_core.event_handler.log_command:Invoking command in '/home/tars-go/Downloads/rune/build/power_rune': CMAKE_PREFIX_PATH=/opt/ros/humble /usr/local/bin/cmake /home/tars-go/Downloads/rune/rm_power_rune-main -DAMENT_CMAKE_SYMLINK_INSTALL=1 -DCMAKE_INSTALL_PREFIX=/home/tars-go/Downloads/rune/install/power_rune
[0.237s] DEBUG:colcon.colcon_core.event_handler.log_command:Invoking command in '/home/tars-go/Downloads/rune/build/galaxy_camera': CMAKE_PREFIX_PATH=/opt/ros/humble /usr/local/bin/cmake --build /home/tars-go/Downloads/rune/build/galaxy_camera -- -j16 -l16
[0.861s] DEBUG:colcon.colcon_core.event_handler.log_command:Invoked command in '/home/tars-go/Downloads/rune/build/power_rune' returned '0': CMAKE_PREFIX_PATH=/opt/ros/humble /usr/local/bin/cmake /home/tars-go/Downloads/rune/rm_power_rune-main -DAMENT_CMAKE_SYMLINK_INSTALL=1 -DCMAKE_INSTALL_PREFIX=/home/tars-go/Downloads/rune/install/power_rune
[0.861s] DEBUG:colcon.colcon_core.event_handler.log_command:Invoking command in '/home/tars-go/Downloads/rune/build/power_rune': CMAKE_PREFIX_PATH=/opt/ros/humble /usr/local/bin/cmake --build /home/tars-go/Downloads/rune/build/power_rune -- -j16 -l16
[2.916s] DEBUG:colcon.colcon_core.event_handler.log_command:Invoked command in '/home/tars-go/Downloads/rune/build/galaxy_camera' returned '0': CMAKE_PREFIX_PATH=/opt/ros/humble /usr/local/bin/cmake --build /home/tars-go/Downloads/rune/build/galaxy_camera -- -j16 -l16
[2.932s] DEBUG:colcon.colcon_core.event_handler.log_command:Invoking command in '/home/tars-go/Downloads/rune/build/galaxy_camera': CMAKE_PREFIX_PATH=/opt/ros/humble /usr/local/bin/cmake --install /home/tars-go/Downloads/rune/build/galaxy_camera
[2.990s] Level 1:colcon.colcon_core.environment:create_environment_scripts_only(galaxy_camera)
[2.990s] DEBUG:colcon.colcon_core.event_handler.log_command:Invoked command in '/home/tars-go/Downloads/rune/build/galaxy_camera' returned '0': CMAKE_PREFIX_PATH=/opt/ros/humble /usr/local/bin/cmake --install /home/tars-go/Downloads/rune/build/galaxy_camera
[2.994s] Level 1:colcon.colcon_core.environment:checking '/home/tars-go/Downloads/rune/install/galaxy_camera' for CMake module files
[2.994s] Level 1:colcon.colcon_core.environment:checking '/home/tars-go/Downloads/rune/install/galaxy_camera' for CMake config files
[2.995s] Level 1:colcon.colcon_core.shell:create_environment_hook('galaxy_camera', 'cmake_prefix_path')
[2.995s] INFO:colcon.colcon_core.shell:Creating environment hook '/home/tars-go/Downloads/rune/install/galaxy_camera/share/galaxy_camera/hook/cmake_prefix_path.ps1'
[2.997s] INFO:colcon.colcon_core.shell:Creating environment descriptor '/home/tars-go/Downloads/rune/install/galaxy_camera/share/galaxy_camera/hook/cmake_prefix_path.dsv'
[2.997s] INFO:colcon.colcon_core.shell:Creating environment hook '/home/tars-go/Downloads/rune/install/galaxy_camera/share/galaxy_camera/hook/cmake_prefix_path.sh'
[2.998s] Level 1:colcon.colcon_core.environment:checking '/home/tars-go/Downloads/rune/install/galaxy_camera/lib'
[2.998s] Level 1:colcon.colcon_core.shell:create_environment_hook('galaxy_camera', 'ld_library_path_lib')
[2.999s] INFO:colcon.colcon_core.shell:Creating environment hook '/home/tars-go/Downloads/rune/install/galaxy_camera/share/galaxy_camera/hook/ld_library_path_lib.ps1'
[2.999s] INFO:colcon.colcon_core.shell:Creating environment descriptor '/home/tars-go/Downloads/rune/install/galaxy_camera/share/galaxy_camera/hook/ld_library_path_lib.dsv'
[2.999s] INFO:colcon.colcon_core.shell:Creating environment hook '/home/tars-go/Downloads/rune/install/galaxy_camera/share/galaxy_camera/hook/ld_library_path_lib.sh'
[2.999s] Level 1:colcon.colcon_core.environment:checking '/home/tars-go/Downloads/rune/install/galaxy_camera/bin'
[3.000s] Level 1:colcon.colcon_core.environment:checking '/home/tars-go/Downloads/rune/install/galaxy_camera/lib/pkgconfig/galaxy_camera.pc'
[3.000s] Level 1:colcon.colcon_core.environment:checking '/home/tars-go/Downloads/rune/install/galaxy_camera/lib/python3.10/site-packages'
[3.000s] Level 1:colcon.colcon_core.environment:checking '/home/tars-go/Downloads/rune/install/galaxy_camera/bin'
[3.000s] INFO:colcon.colcon_core.shell:Creating package script '/home/tars-go/Downloads/rune/install/galaxy_camera/share/galaxy_camera/package.ps1'
[3.001s] INFO:colcon.colcon_core.shell:Creating package descriptor '/home/tars-go/Downloads/rune/install/galaxy_camera/share/galaxy_camera/package.dsv'
[3.002s] INFO:colcon.colcon_core.shell:Creating package script '/home/tars-go/Downloads/rune/install/galaxy_camera/share/galaxy_camera/package.sh'
[3.002s] INFO:colcon.colcon_core.shell:Creating package script '/home/tars-go/Downloads/rune/install/galaxy_camera/share/galaxy_camera/package.bash'
[3.003s] INFO:colcon.colcon_core.shell:Creating package script '/home/tars-go/Downloads/rune/install/galaxy_camera/share/galaxy_camera/package.zsh'
[3.003s] Level 1:colcon.colcon_core.environment:create_file_with_runtime_dependencies(/home/tars-go/Downloads/rune/install/galaxy_camera/share/colcon-core/packages/galaxy_camera)
[3.026s] Level 1:colcon.colcon_core.environment:create_environment_scripts_only(galaxy_camera)
[3.027s] Level 1:colcon.colcon_core.environment:checking '/home/tars-go/Downloads/rune/install/galaxy_camera' for CMake module files
[3.027s] Level 1:colcon.colcon_core.environment:checking '/home/tars-go/Downloads/rune/install/galaxy_camera' for CMake config files
[3.028s] Level 1:colcon.colcon_core.shell:create_environment_hook('galaxy_camera', 'cmake_prefix_path')
[3.028s] INFO:colcon.colcon_core.shell:Creating environment hook '/home/tars-go/Downloads/rune/install/galaxy_camera/share/galaxy_camera/hook/cmake_prefix_path.ps1'
[3.028s] INFO:colcon.colcon_core.shell:Creating environment descriptor '/home/tars-go/Downloads/rune/install/galaxy_camera/share/galaxy_camera/hook/cmake_prefix_path.dsv'
[3.029s] INFO:colcon.colcon_core.shell:Creating environment hook '/home/tars-go/Downloads/rune/install/galaxy_camera/share/galaxy_camera/hook/cmake_prefix_path.sh'
[3.030s] Level 1:colcon.colcon_core.environment:checking '/home/tars-go/Downloads/rune/install/galaxy_camera/lib'
[3.030s] Level 1:colcon.colcon_core.shell:create_environment_hook('galaxy_camera', 'ld_library_path_lib')
[3.030s] INFO:colcon.colcon_core.shell:Creating environment hook '/home/tars-go/Downloads/rune/install/galaxy_camera/share/galaxy_camera/hook/ld_library_path_lib.ps1'
[3.031s] INFO:colcon.colcon_core.shell:Creating environment descriptor '/home/tars-go/Downloads/rune/install/galaxy_camera/share/galaxy_camera/hook/ld_library_path_lib.dsv'
[3.031s] INFO:colcon.colcon_core.shell:Creating environment hook '/home/tars-go/Downloads/rune/install/galaxy_camera/share/galaxy_camera/hook/ld_library_path_lib.sh'
[3.031s] Level 1:colcon.colcon_core.environment:checking '/home/tars-go/Downloads/rune/install/galaxy_camera/bin'
[3.031s] Level 1:colcon.colcon_core.environment:checking '/home/tars-go/Downloads/rune/install/galaxy_camera/lib/pkgconfig/galaxy_camera.pc'
[3.032s] Level 1:colcon.colcon_core.environment:checking '/home/tars-go/Downloads/rune/install/galaxy_camera/lib/python3.10/site-packages'
[3.032s] Level 1:colcon.colcon_core.environment:checking '/home/tars-go/Downloads/rune/install/galaxy_camera/bin'
[3.032s] INFO:colcon.colcon_core.shell:Creating package script '/home/tars-go/Downloads/rune/install/galaxy_camera/share/galaxy_camera/package.ps1'
[3.033s] INFO:colcon.colcon_core.shell:Creating package descriptor '/home/tars-go/Downloads/rune/install/galaxy_camera/share/galaxy_camera/package.dsv'
[3.033s] INFO:colcon.colcon_core.shell:Creating package script '/home/tars-go/Downloads/rune/install/galaxy_camera/share/galaxy_camera/package.sh'
[3.034s] INFO:colcon.colcon_core.shell:Creating package script '/home/tars-go/Downloads/rune/install/galaxy_camera/share/galaxy_camera/package.bash'
[3.034s] INFO:colcon.colcon_core.shell:Creating package script '/home/tars-go/Downloads/rune/install/galaxy_camera/share/galaxy_camera/package.zsh'
[3.035s] Level 1:colcon.colcon_core.environment:create_file_with_runtime_dependencies(/home/tars-go/Downloads/rune/install/galaxy_camera/share/colcon-core/packages/galaxy_camera)
[3.806s] DEBUG:colcon.colcon_core.event_handler.log_command:Invoked command in '/home/tars-go/Downloads/rune/build/power_rune' returned '2': CMAKE_PREFIX_PATH=/opt/ros/humble /usr/local/bin/cmake --build /home/tars-go/Downloads/rune/build/power_rune -- -j16 -l16
[3.822s] Level 1:colcon.colcon_core.environment:create_environment_scripts_only(power_rune)
[3.822s] Level 1:colcon.colcon_core.environment:checking '/home/tars-go/Downloads/rune/install/power_rune' for CMake module files
[3.823s] Level 1:colcon.colcon_core.environment:checking '/home/tars-go/Downloads/rune/install/power_rune' for CMake config files
[3.823s] Level 1:colcon.colcon_core.environment:checking '/home/tars-go/Downloads/rune/install/power_rune/bin'
[3.823s] Level 1:colcon.colcon_core.environment:checking '/home/tars-go/Downloads/rune/install/power_rune/lib/pkgconfig/power_rune.pc'
[3.823s] Level 1:colcon.colcon_core.environment:checking '/home/tars-go/Downloads/rune/install/power_rune/lib/python3.10/site-packages'
[3.824s] Level 1:colcon.colcon_core.environment:checking '/home/tars-go/Downloads/rune/install/power_rune/bin'
[3.824s] INFO:colcon.colcon_core.shell:Creating package script '/home/tars-go/Downloads/rune/install/power_rune/share/power_rune/package.ps1'
[3.824s] INFO:colcon.colcon_core.shell:Creating package descriptor '/home/tars-go/Downloads/rune/install/power_rune/share/power_rune/package.dsv'
[3.825s] INFO:colcon.colcon_core.shell:Creating package script '/home/tars-go/Downloads/rune/install/power_rune/share/power_rune/package.sh'
[3.825s] INFO:colcon.colcon_core.shell:Creating package script '/home/tars-go/Downloads/rune/install/power_rune/share/power_rune/package.bash'
[3.825s] INFO:colcon.colcon_core.shell:Creating package script '/home/tars-go/Downloads/rune/install/power_rune/share/power_rune/package.zsh'
[3.826s] Level 1:colcon.colcon_core.environment:create_file_with_runtime_dependencies(/home/tars-go/Downloads/rune/install/power_rune/share/colcon-core/packages/power_rune)
[3.836s] DEBUG:colcon.colcon_parallel_executor.executor.parallel:closing loop
[3.836s] DEBUG:colcon.colcon_parallel_executor.executor.parallel:loop closed
[3.837s] DEBUG:colcon.colcon_parallel_executor.executor.parallel:run_until_complete finished with '2'
[3.837s] DEBUG:colcon.colcon_core.event_reactor:joining thread
[3.841s] INFO:colcon.colcon_core.plugin_system:Skipping extension 'colcon_notification.desktop_notification.terminal_notifier': Not used on non-Darwin systems
[3.841s] INFO:colcon.colcon_core.plugin_system:Skipping extension 'colcon_notification.desktop_notification.win32': Not used on non-Windows systems
[3.841s] INFO:colcon.colcon_notification.desktop_notification:Sending desktop notification using 'notify2'
[3.850s] DEBUG:colcon.colcon_core.event_reactor:joined thread
[3.851s] INFO:colcon.colcon_core.shell:Creating prefix script '/home/tars-go/Downloads/rune/install/local_setup.ps1'
[3.852s] INFO:colcon.colcon_core.shell:Creating prefix util module '/home/tars-go/Downloads/rune/install/_local_setup_util_ps1.py'
[3.853s] INFO:colcon.colcon_core.shell:Creating prefix chain script '/home/tars-go/Downloads/rune/install/setup.ps1'
[3.854s] INFO:colcon.colcon_core.shell:Creating prefix script '/home/tars-go/Downloads/rune/install/local_setup.sh'
[3.854s] INFO:colcon.colcon_core.shell:Creating prefix util module '/home/tars-go/Downloads/rune/install/_local_setup_util_sh.py'
[3.854s] INFO:colcon.colcon_core.shell:Creating prefix chain script '/home/tars-go/Downloads/rune/install/setup.sh'
[3.855s] INFO:colcon.colcon_core.shell:Creating prefix script '/home/tars-go/Downloads/rune/install/local_setup.bash'
[3.856s] INFO:colcon.colcon_core.shell:Creating prefix chain script '/home/tars-go/Downloads/rune/install/setup.bash'
[3.856s] INFO:colcon.colcon_core.shell:Creating prefix script '/home/tars-go/Downloads/rune/install/local_setup.zsh'
[3.857s] INFO:colcon.colcon_core.shell:Creating prefix chain script '/home/tars-go/Downloads/rune/install/setup.zsh'
