[0.008s] Invoking command in '/home/tars-go/Downloads/rune/build/power_rune': CMAKE_PREFIX_PATH=/opt/ros/humble /usr/local/bin/cmake /home/tars-go/Downloads/rune/rm_power_rune-main -DAMENT_CMAKE_SYMLINK_INSTALL=1 -DCMAKE_INSTALL_PREFIX=/home/tars-go/Downloads/rune/install/power_rune
[0.013s] -- Found ament_cmake_auto: 1.3.9 (/opt/ros/humble/share/ament_cmake_auto/cmake)
[0.075s] -- Override CMake install command with custom implementation using symlinks instead of copying resources
[0.088s] -- Found required Ceres dependency: Eigen version 3.4.0 in /usr/include/eigen3
[0.090s] -- Found required Ceres dependency: glog
[0.090s] -- Found required Ceres dependency: gflags
[0.090s] -- Found Ceres version: 2.0.0 installed in: /usr with components: [EigenSparse, SparseLinearAlgebraLibrary, LAPACK, SuiteSparse, CXSparse, SchurSpecializations, Multithreading]
[0.155s] -- Found rosidl_generator_c: 3.1.5 (/opt/ros/humble/share/rosidl_generator_c/cmake)
[0.157s] -- Found rosidl_adapter: 3.1.5 (/opt/ros/humble/share/rosidl_adapter/cmake)
[0.162s] -- Found rosidl_generator_cpp: 3.1.5 (/opt/ros/humble/share/rosidl_generator_cpp/cmake)
[0.171s] -- Using all available rosidl_typesupport_c: rosidl_typesupport_fastrtps_c;rosidl_typesupport_introspection_c
[0.183s] -- Using all available rosidl_typesupport_cpp: rosidl_typesupport_fastrtps_cpp;rosidl_typesupport_introspection_cpp
[0.229s] -- Found rmw_implementation_cmake: 6.1.2 (/opt/ros/humble/share/rmw_implementation_cmake/cmake)
[0.230s] -- Found rmw_fastrtps_cpp: 6.2.6 (/opt/ros/humble/share/rmw_fastrtps_cpp/cmake)
[0.318s] -- Using RMW implementation 'rmw_fastrtps_cpp' as default
[0.612s] -- Configuring done (0.6s)
[0.625s] -- Generating done (0.0s)
[0.626s] -- Build files have been written to: /home/tars-go/Downloads/rune/build/power_rune
[0.634s] Invoked command in '/home/tars-go/Downloads/rune/build/power_rune' returned '0': CMAKE_PREFIX_PATH=/opt/ros/humble /usr/local/bin/cmake /home/tars-go/Downloads/rune/rm_power_rune-main -DAMENT_CMAKE_SYMLINK_INSTALL=1 -DCMAKE_INSTALL_PREFIX=/home/tars-go/Downloads/rune/install/power_rune
[0.635s] Invoking command in '/home/tars-go/Downloads/rune/build/power_rune': CMAKE_PREFIX_PATH=/opt/ros/humble /usr/local/bin/cmake --build /home/tars-go/Downloads/rune/build/power_rune -- -j16 -l16
[0.647s] [ 25%] [32mBuilding CXX object CMakeFiles/power_rune.dir/src/Calculate.cpp.o[0m
[0.647s] [ 25%] [32mBuilding CXX object CMakeFiles/power_rune_node.dir/rclcpp_components/node_main_power_rune_node.cpp.o[0m
[0.648s] [ 37%] [32mBuilding CXX object CMakeFiles/power_rune.dir/src/Detect.cpp.o[0m
[0.648s] [ 50%] [32mBuilding CXX object CMakeFiles/power_rune.dir/src/PowerRune.cpp.o[0m
[0.649s] [ 75%] [32mBuilding CXX object CMakeFiles/power_rune.dir/src/power_rune_node.cpp.o[0m
[0.649s] [ 75%] [32mBuilding CXX object CMakeFiles/power_rune.dir/src/Param.cpp.o[0m
[1.026s] [01m[K/home/tars-go/Downloads/rune/rm_power_rune-main/src/power_rune_node.cpp:4:10:[m[K [01;31m[Kfatal error: [m[Krune_node.hpp: No such file or directory
[1.026s]     4 | #include [01;31m[K"rune_node.hpp"[m[K
[1.026s]       |          [01;31m[K^~~~~~~~~~~~~~~[m[K
[1.026s] compilation terminated.
[1.030s] gmake[2]: *** [CMakeFiles/power_rune.dir/build.make:132: CMakeFiles/power_rune.dir/src/power_rune_node.cpp.o] Error 1
[1.030s] gmake[2]: *** Waiting for unfinished jobs....
[2.929s] [ 87%] [32m[1mLinking CXX executable power_rune_node[0m
[3.004s] [ 87%] Built target power_rune_node
[3.578s] gmake[1]: *** [CMakeFiles/Makefile2:139: CMakeFiles/power_rune.dir/all] Error 2
[3.578s] gmake: *** [Makefile:146: all] Error 2
[3.580s] Invoked command in '/home/tars-go/Downloads/rune/build/power_rune' returned '2': CMAKE_PREFIX_PATH=/opt/ros/humble /usr/local/bin/cmake --build /home/tars-go/Downloads/rune/build/power_rune -- -j16 -l16
