[0.009s] Invoking command in '/home/tars-go/Downloads/rune/build/power_rune': CMAKE_PREFIX_PATH=/opt/ros/humble /usr/local/bin/cmake --build /home/tars-go/Downloads/rune/build/power_rune -- -j16 -l16
[0.024s] [ 25%] Built target power_rune_node
[0.040s] [ 37%] [32mBuilding CXX object CMakeFiles/power_rune.dir/src/power_rune_node.cpp.o[0m
[2.461s] [01m[K/home/tars-go/Downloads/rune/rm_power_rune-main/src/power_rune_node.cpp:[m[K In lambda function:
[2.461s] [01m[K/home/tars-go/Downloads/rune/rm_power_rune-main/src/power_rune_node.cpp:29:50:[m[K [01;31m[Kerror: [m[Kno match for ‘[01m[Koperator=[m[K’ (operand types are ‘[01m[Kcv::Mat[m[K’ and ‘[01m[Kconst _k_type[m[K’ {aka ‘[01m[Kconst std::array<double, 9>[m[K’})
[2.461s]    29 |         Param::INTRINSIC_MATRIX = camera_info -> [01;31m[Kk[m[K;
[2.461s]       |                                                  [01;31m[K^[m[K
[2.461s] In file included from [01m[K/usr/include/opencv4/opencv2/core.hpp:58[m[K,
[2.461s]                  from [01m[K/usr/include/opencv4/opencv2/opencv.hpp:52[m[K,
[2.461s]                  from [01m[K/home/tars-go/Downloads/rune/rm_power_rune-main/include/Calculator.h:7[m[K,
[2.461s]                  from [01m[K/home/tars-go/Downloads/rune/rm_power_rune-main/include/PowerRune.h:3[m[K,
[2.462s]                  from [01m[K/home/tars-go/Downloads/rune/rm_power_rune-main/src/power_rune_node.cpp:3[m[K:
[2.462s] [01m[K/usr/include/opencv4/opencv2/core/mat.hpp:1064:10:[m[K [01;36m[Knote: [m[Kcandidate: ‘[01m[Kcv::Mat& cv::Mat::operator=(const cv::Mat&)[m[K’
[2.462s]  1064 |     Mat& [01;36m[Koperator[m[K = (const Mat& m);
[2.462s]       |          [01;36m[K^~~~~~~~[m[K
[2.462s] [01m[K/usr/include/opencv4/opencv2/core/mat.hpp:1064:33:[m[K [01;36m[Knote: [m[K  no known conversion for argument 1 from ‘[01m[Kconst _k_type[m[K’ {aka ‘[01m[Kconst std::array<double, 9>[m[K’} to ‘[01m[Kconst cv::Mat&[m[K’
[2.462s]  1064 |     Mat& operator = ([01;36m[Kconst Mat& m[m[K);
[2.462s]       |                      [01;36m[K~~~~~~~~~~~^[m[K
[2.462s] In file included from [01m[K/usr/include/opencv4/opencv2/core/mat.hpp:3764[m[K,
[2.462s]                  from [01m[K/usr/include/opencv4/opencv2/core.hpp:58[m[K,
[2.462s]                  from [01m[K/usr/include/opencv4/opencv2/opencv.hpp:52[m[K,
[2.462s]                  from [01m[K/home/tars-go/Downloads/rune/rm_power_rune-main/include/Calculator.h:7[m[K,
[2.462s]                  from [01m[K/home/tars-go/Downloads/rune/rm_power_rune-main/include/PowerRune.h:3[m[K,
[2.462s]                  from [01m[K/home/tars-go/Downloads/rune/rm_power_rune-main/src/power_rune_node.cpp:3[m[K:
[2.462s] [01m[K/usr/include/opencv4/opencv2/core/mat.inl.hpp:3008:6:[m[K [01;36m[Knote: [m[Kcandidate: ‘[01m[Kcv::Mat& cv::Mat::operator=(const cv::MatExpr&)[m[K’
[2.462s]  3008 | Mat& [01;36m[KMat[m[K::operator = (const MatExpr& e)
[2.462s]       |      [01;36m[K^~~[m[K
[2.462s] [01m[K/usr/include/opencv4/opencv2/core/mat.inl.hpp:3008:38:[m[K [01;36m[Knote: [m[K  no known conversion for argument 1 from ‘[01m[Kconst _k_type[m[K’ {aka ‘[01m[Kconst std::array<double, 9>[m[K’} to ‘[01m[Kconst cv::MatExpr&[m[K’
[2.462s]  3008 | Mat& Mat::operator = ([01;36m[Kconst MatExpr& e[m[K)
[2.462s]       |                       [01;36m[K~~~~~~~~~~~~~~~^[m[K
[2.462s] In file included from [01m[K/usr/include/opencv4/opencv2/core.hpp:58[m[K,
[2.462s]                  from [01m[K/usr/include/opencv4/opencv2/opencv.hpp:52[m[K,
[2.462s]                  from [01m[K/home/tars-go/Downloads/rune/rm_power_rune-main/include/Calculator.h:7[m[K,
[2.462s]                  from [01m[K/home/tars-go/Downloads/rune/rm_power_rune-main/include/PowerRune.h:3[m[K,
[2.462s]                  from [01m[K/home/tars-go/Downloads/rune/rm_power_rune-main/src/power_rune_node.cpp:3[m[K:
[2.463s] [01m[K/usr/include/opencv4/opencv2/core/mat.hpp:1251:10:[m[K [01;36m[Knote: [m[Kcandidate: ‘[01m[Kcv::Mat& cv::Mat::operator=(const Scalar&)[m[K’
[2.463s]  1251 |     Mat& [01;36m[Koperator[m[K = (const Scalar& s);
[2.463s]       |          [01;36m[K^~~~~~~~[m[K
[2.463s] [01m[K/usr/include/opencv4/opencv2/core/mat.hpp:1251:36:[m[K [01;36m[Knote: [m[K  no known conversion for argument 1 from ‘[01m[Kconst _k_type[m[K’ {aka ‘[01m[Kconst std::array<double, 9>[m[K’} to ‘[01m[Kconst Scalar&[m[K’ {aka ‘[01m[Kconst cv::Scalar_<double>&[m[K’}
[2.463s]  1251 |     Mat& operator = ([01;36m[Kconst Scalar& s[m[K);
[2.463s]       |                      [01;36m[K~~~~~~~~~~~~~~^[m[K
[2.463s] [01m[K/usr/include/opencv4/opencv2/core/mat.hpp:2092:10:[m[K [01;36m[Knote: [m[Kcandidate: ‘[01m[Kcv::Mat& cv::Mat::operator=(cv::Mat&&)[m[K’
[2.463s]  2092 |     Mat& [01;36m[Koperator[m[K = (Mat&& m);
[2.463s]       |          [01;36m[K^~~~~~~~[m[K
[2.463s] [01m[K/usr/include/opencv4/opencv2/core/mat.hpp:2092:28:[m[K [01;36m[Knote: [m[K  no known conversion for argument 1 from ‘[01m[Kconst _k_type[m[K’ {aka ‘[01m[Kconst std::array<double, 9>[m[K’} to ‘[01m[Kcv::Mat&&[m[K’
[2.463s]  2092 |     Mat& operator = ([01;36m[KMat&& m[m[K);
[2.463s]       |                      [01;36m[K~~~~~~^[m[K
[2.463s] [01m[K/home/tars-go/Downloads/rune/rm_power_rune-main/src/power_rune_node.cpp:31:45:[m[K [01;31m[Kerror: [m[Kno match for ‘[01m[Koperator=[m[K’ (operand types are ‘[01m[Kcv::Mat[m[K’ and ‘[01m[Kconst _d_type[m[K’ {aka ‘[01m[Kconst std::vector<double>[m[K’})
[2.463s]    31 |         Param::DIST_COEFFS = camera_info -> [01;31m[Kd[m[K;
[2.463s]       |                                             [01;31m[K^[m[K
[2.463s] In file included from [01m[K/usr/include/opencv4/opencv2/core.hpp:58[m[K,
[2.463s]                  from [01m[K/usr/include/opencv4/opencv2/opencv.hpp:52[m[K,
[2.463s]                  from [01m[K/home/tars-go/Downloads/rune/rm_power_rune-main/include/Calculator.h:7[m[K,
[2.463s]                  from [01m[K/home/tars-go/Downloads/rune/rm_power_rune-main/include/PowerRune.h:3[m[K,
[2.463s]                  from [01m[K/home/tars-go/Downloads/rune/rm_power_rune-main/src/power_rune_node.cpp:3[m[K:
[2.463s] [01m[K/usr/include/opencv4/opencv2/core/mat.hpp:1064:10:[m[K [01;36m[Knote: [m[Kcandidate: ‘[01m[Kcv::Mat& cv::Mat::operator=(const cv::Mat&)[m[K’
[2.463s]  1064 |     Mat& [01;36m[Koperator[m[K = (const Mat& m);
[2.463s]       |          [01;36m[K^~~~~~~~[m[K
[2.463s] [01m[K/usr/include/opencv4/opencv2/core/mat.hpp:1064:33:[m[K [01;36m[Knote: [m[K  no known conversion for argument 1 from ‘[01m[Kconst _d_type[m[K’ {aka ‘[01m[Kconst std::vector<double>[m[K’} to ‘[01m[Kconst cv::Mat&[m[K’
[2.463s]  1064 |     Mat& operator = ([01;36m[Kconst Mat& m[m[K);
[2.463s]       |                      [01;36m[K~~~~~~~~~~~^[m[K
[2.463s] In file included from [01m[K/usr/include/opencv4/opencv2/core/mat.hpp:3764[m[K,
[2.463s]                  from [01m[K/usr/include/opencv4/opencv2/core.hpp:58[m[K,
[2.463s]                  from [01m[K/usr/include/opencv4/opencv2/opencv.hpp:52[m[K,
[2.463s]                  from [01m[K/home/tars-go/Downloads/rune/rm_power_rune-main/include/Calculator.h:7[m[K,
[2.463s]                  from [01m[K/home/tars-go/Downloads/rune/rm_power_rune-main/include/PowerRune.h:3[m[K,
[2.463s]                  from [01m[K/home/tars-go/Downloads/rune/rm_power_rune-main/src/power_rune_node.cpp:3[m[K:
[2.463s] [01m[K/usr/include/opencv4/opencv2/core/mat.inl.hpp:3008:6:[m[K [01;36m[Knote: [m[Kcandidate: ‘[01m[Kcv::Mat& cv::Mat::operator=(const cv::MatExpr&)[m[K’
[2.463s]  3008 | Mat& [01;36m[KMat[m[K::operator = (const MatExpr& e)
[2.463s]       |      [01;36m[K^~~[m[K
[2.464s] [01m[K/usr/include/opencv4/opencv2/core/mat.inl.hpp:3008:38:[m[K [01;36m[Knote: [m[K  no known conversion for argument 1 from ‘[01m[Kconst _d_type[m[K’ {aka ‘[01m[Kconst std::vector<double>[m[K’} to ‘[01m[Kconst cv::MatExpr&[m[K’
[2.464s]  3008 | Mat& Mat::operator = ([01;36m[Kconst MatExpr& e[m[K)
[2.464s]       |                       [01;36m[K~~~~~~~~~~~~~~~^[m[K
[2.464s] In file included from [01m[K/usr/include/opencv4/opencv2/core.hpp:58[m[K,
[2.464s]                  from [01m[K/usr/include/opencv4/opencv2/opencv.hpp:52[m[K,
[2.464s]                  from [01m[K/home/tars-go/Downloads/rune/rm_power_rune-main/include/Calculator.h:7[m[K,
[2.464s]                  from [01m[K/home/tars-go/Downloads/rune/rm_power_rune-main/include/PowerRune.h:3[m[K,
[2.464s]                  from [01m[K/home/tars-go/Downloads/rune/rm_power_rune-main/src/power_rune_node.cpp:3[m[K:
[2.464s] [01m[K/usr/include/opencv4/opencv2/core/mat.hpp:1251:10:[m[K [01;36m[Knote: [m[Kcandidate: ‘[01m[Kcv::Mat& cv::Mat::operator=(const Scalar&)[m[K’
[2.464s]  1251 |     Mat& [01;36m[Koperator[m[K = (const Scalar& s);
[2.464s]       |          [01;36m[K^~~~~~~~[m[K
[2.464s] [01m[K/usr/include/opencv4/opencv2/core/mat.hpp:1251:36:[m[K [01;36m[Knote: [m[K  no known conversion for argument 1 from ‘[01m[Kconst _d_type[m[K’ {aka ‘[01m[Kconst std::vector<double>[m[K’} to ‘[01m[Kconst Scalar&[m[K’ {aka ‘[01m[Kconst cv::Scalar_<double>&[m[K’}
[2.464s]  1251 |     Mat& operator = ([01;36m[Kconst Scalar& s[m[K);
[2.464s]       |                      [01;36m[K~~~~~~~~~~~~~~^[m[K
[2.464s] [01m[K/usr/include/opencv4/opencv2/core/mat.hpp:2092:10:[m[K [01;36m[Knote: [m[Kcandidate: ‘[01m[Kcv::Mat& cv::Mat::operator=(cv::Mat&&)[m[K’
[2.464s]  2092 |     Mat& [01;36m[Koperator[m[K = (Mat&& m);
[2.464s]       |          [01;36m[K^~~~~~~~[m[K
[2.464s] [01m[K/usr/include/opencv4/opencv2/core/mat.hpp:2092:28:[m[K [01;36m[Knote: [m[K  no known conversion for argument 1 from ‘[01m[Kconst _d_type[m[K’ {aka ‘[01m[Kconst std::vector<double>[m[K’} to ‘[01m[Kcv::Mat&&[m[K’
[2.464s]  2092 |     Mat& operator = ([01;36m[KMat&& m[m[K);
[2.464s]       |                      [01;36m[K~~~~~~^[m[K
[2.464s] [01m[K/home/tars-go/Downloads/rune/rm_power_rune-main/src/power_rune_node.cpp:[m[K In constructor ‘[01m[Kpower_rune::PowerRuneNode::PowerRuneNode(const rclcpp::NodeOptions&)[m[K’:
[2.464s] [01m[K/home/tars-go/Downloads/rune/rm_power_rune-main/src/power_rune_node.cpp:38:39:[m[K [01;31m[Kerror: [m[K‘[01m[KimageCallback[m[K’ is not a member of ‘[01m[Kpower_rune::PowerRuneNode[m[K’
[2.464s]    38 |             std::bind(&PowerRuneNode::[01;31m[KimageCallback[m[K, this, std::placeholders::_1));
[2.464s]       |                                       [01;31m[K^~~~~~~~~~~~~[m[K
[2.464s] [01m[K/home/tars-go/Downloads/rune/rm_power_rune-main/src/power_rune_node.cpp:[m[K At global scope:
[2.464s] [01m[K/home/tars-go/Downloads/rune/rm_power_rune-main/src/power_rune_node.cpp:41:70:[m[K [01;31m[Kerror: [m[K‘[01m[KConstSharedPrt[m[K’ in ‘[01m[Kusing Image = struct sensor_msgs::msg::Image_<std::allocator<void> >[m[K’ {aka ‘[01m[Kstruct sensor_msgs::msg::Image_<std::allocator<void> >[m[K’} does not name a type
[2.464s]    41 | PowerRuneNode::imageCallback(const sensor_msgs::msg::Image::[01;31m[KConstSharedPrt[m[K img_msg)
[2.464s]       |                                                             [01;31m[K^~~~~~~~~~~~~~[m[K
[2.464s] 
[2.464s] [01m[K/home/tars-go/Downloads/rune/rm_power_rune-main/src/power_rune_node.cpp:41:10:[m[K [01;31m[Kerror: [m[Kno declaration matches ‘[01m[Kvoid power_rune::PowerRuneNode::imageCallback(int)[m[K’
[2.464s]    41 |     void [01;31m[KPowerRuneNode[m[K::imageCallback(const sensor_msgs::msg::Image::ConstSharedPrt img_msg)
[2.464s]       |          [01;31m[K^~~~~~~~~~~~~[m[K
[2.464s] [01m[K/home/tars-go/Downloads/rune/rm_power_rune-main/src/power_rune_node.cpp:41:10:[m[K [01;36m[Knote: [m[Kno functions named ‘[01m[Kvoid power_rune::PowerRuneNode::imageCallback(int)[m[K’
[2.465s] In file included from [01m[K/home/tars-go/Downloads/rune/rm_power_rune-main/src/power_rune_node.cpp:4[m[K:
[2.465s] [01m[K/home/tars-go/Downloads/rune/rm_power_rune-main/include/power_rune_node.hpp:17:7:[m[K [01;36m[Knote: [m[K‘[01m[Kclass power_rune::PowerRuneNode[m[K’ defined here
[2.465s]    17 | class [01;36m[KPowerRuneNode[m[K : public rclcpp::Node
[2.465s]       |       [01;36m[K^~~~~~~~~~~~~[m[K
[3.840s] gmake[2]: *** [CMakeFiles/power_rune.dir/build.make:132: CMakeFiles/power_rune.dir/src/power_rune_node.cpp.o] Error 1
[3.840s] gmake[1]: *** [CMakeFiles/Makefile2:139: CMakeFiles/power_rune.dir/all] Error 2
[3.841s] gmake: *** [Makefile:146: all] Error 2
[3.842s] Invoked command in '/home/tars-go/Downloads/rune/build/power_rune' returned '2': CMAKE_PREFIX_PATH=/opt/ros/humble /usr/local/bin/cmake --build /home/tars-go/Downloads/rune/build/power_rune -- -j16 -l16
