[0.064s] DEBUG:colcon:Command line arguments: ['/usr/bin/colcon', 'build', '--symlink-install']
[0.064s] DEBUG:colcon:Parsed command line arguments: Namespace(log_base=None, log_level=None, verb_name='build', build_base='build', install_base='install', merge_install=False, symlink_install=True, test_result_base=None, continue_on_error=False, executor='parallel', parallel_workers=16, event_handlers=None, ignore_user_meta=False, metas=['./colcon.meta'], base_paths=['.'], packages_ignore=None, packages_ignore_regex=None, paths=None, packages_up_to=None, packages_up_to_regex=None, packages_above=None, packages_above_and_dependencies=None, packages_above_depth=None, packages_select_by_dep=None, packages_skip_by_dep=None, packages_skip_up_to=None, packages_select_build_failed=False, packages_skip_build_finished=False, packages_select_test_failures=False, packages_skip_test_passed=False, packages_select=None, packages_skip=None, packages_select_regex=None, packages_skip_regex=None, packages_start=None, packages_end=None, allow_overriding=[], cmake_args=None, cmake_target=None, cmake_target_skip_unavailable=False, cmake_clean_cache=False, cmake_clean_first=False, cmake_force_configure=False, ament_cmake_args=None, catkin_cmake_args=None, catkin_skip_building_tests=False, verb_parser=<colcon_defaults.argument_parser.defaults.DefaultArgumentsDecorator object at 0x7bdec60499f0>, verb_extension=<colcon_core.verb.build.BuildVerb object at 0x7bdec61bf010>, main=<bound method BuildVerb.main of <colcon_core.verb.build.BuildVerb object at 0x7bdec61bf010>>)
[0.161s] Level 1:colcon.colcon_core.package_discovery:discover_packages(colcon_meta) check parameters
[0.161s] Level 1:colcon.colcon_core.package_discovery:discover_packages(recursive) check parameters
[0.161s] Level 1:colcon.colcon_core.package_discovery:discover_packages(ignore) check parameters
[0.161s] Level 1:colcon.colcon_core.package_discovery:discover_packages(path) check parameters
[0.161s] Level 1:colcon.colcon_core.package_discovery:discover_packages(colcon_meta) discover
[0.161s] Level 1:colcon.colcon_core.package_discovery:discover_packages(recursive) discover
[0.161s] INFO:colcon.colcon_core.package_discovery:Crawling recursively for packages in '/home/tars-go/Downloads/rune'
[0.161s] Level 1:colcon.colcon_core.package_identification:_identify(.) by extensions ['ignore', 'ignore_ament_install']
[0.161s] Level 1:colcon.colcon_core.package_identification:_identify(.) by extension 'ignore'
[0.161s] Level 1:colcon.colcon_core.package_identification:_identify(.) by extension 'ignore_ament_install'
[0.161s] Level 1:colcon.colcon_core.package_identification:_identify(.) by extensions ['colcon_pkg']
[0.161s] Level 1:colcon.colcon_core.package_identification:_identify(.) by extension 'colcon_pkg'
[0.161s] Level 1:colcon.colcon_core.package_identification:_identify(.) by extensions ['colcon_meta']
[0.161s] Level 1:colcon.colcon_core.package_identification:_identify(.) by extension 'colcon_meta'
[0.161s] Level 1:colcon.colcon_core.package_identification:_identify(.) by extensions ['ros']
[0.161s] Level 1:colcon.colcon_core.package_identification:_identify(.) by extension 'ros'
[0.168s] Level 1:colcon.colcon_core.package_identification:_identify(.) by extensions ['cmake', 'python']
[0.168s] Level 1:colcon.colcon_core.package_identification:_identify(.) by extension 'cmake'
[0.168s] Level 1:colcon.colcon_core.package_identification:_identify(.) by extension 'python'
[0.168s] Level 1:colcon.colcon_core.package_identification:_identify(.) by extensions ['python_setup_py']
[0.168s] Level 1:colcon.colcon_core.package_identification:_identify(.) by extension 'python_setup_py'
[0.169s] Level 1:colcon.colcon_core.package_identification:_identify(build) by extensions ['ignore', 'ignore_ament_install']
[0.169s] Level 1:colcon.colcon_core.package_identification:_identify(build) by extension 'ignore'
[0.169s] Level 1:colcon.colcon_core.package_identification:_identify(build) ignored
[0.169s] Level 1:colcon.colcon_core.package_identification:_identify(install) by extensions ['ignore', 'ignore_ament_install']
[0.169s] Level 1:colcon.colcon_core.package_identification:_identify(install) by extension 'ignore'
[0.169s] Level 1:colcon.colcon_core.package_identification:_identify(install) ignored
[0.169s] Level 1:colcon.colcon_core.package_identification:_identify(log) by extensions ['ignore', 'ignore_ament_install']
[0.169s] Level 1:colcon.colcon_core.package_identification:_identify(log) by extension 'ignore'
[0.169s] Level 1:colcon.colcon_core.package_identification:_identify(log) ignored
[0.169s] Level 1:colcon.colcon_core.package_identification:_identify(rm_power_rune-main) by extensions ['ignore', 'ignore_ament_install']
[0.169s] Level 1:colcon.colcon_core.package_identification:_identify(rm_power_rune-main) by extension 'ignore'
[0.169s] Level 1:colcon.colcon_core.package_identification:_identify(rm_power_rune-main) by extension 'ignore_ament_install'
[0.169s] Level 1:colcon.colcon_core.package_identification:_identify(rm_power_rune-main) by extensions ['colcon_pkg']
[0.169s] Level 1:colcon.colcon_core.package_identification:_identify(rm_power_rune-main) by extension 'colcon_pkg'
[0.169s] Level 1:colcon.colcon_core.package_identification:_identify(rm_power_rune-main) by extensions ['colcon_meta']
[0.169s] Level 1:colcon.colcon_core.package_identification:_identify(rm_power_rune-main) by extension 'colcon_meta'
[0.169s] Level 1:colcon.colcon_core.package_identification:_identify(rm_power_rune-main) by extensions ['ros']
[0.169s] Level 1:colcon.colcon_core.package_identification:_identify(rm_power_rune-main) by extension 'ros'
[0.171s] DEBUG:colcon.colcon_core.package_identification:Package 'rm_power_rune-main' with type 'ros.ament_cmake' and name 'power_rune'
[0.171s] Level 1:colcon.colcon_core.package_identification:_identify(rm_vision_ros2_galaxy_camera-master) by extensions ['ignore', 'ignore_ament_install']
[0.171s] Level 1:colcon.colcon_core.package_identification:_identify(rm_vision_ros2_galaxy_camera-master) by extension 'ignore'
[0.171s] Level 1:colcon.colcon_core.package_identification:_identify(rm_vision_ros2_galaxy_camera-master) by extension 'ignore_ament_install'
[0.171s] Level 1:colcon.colcon_core.package_identification:_identify(rm_vision_ros2_galaxy_camera-master) by extensions ['colcon_pkg']
[0.171s] Level 1:colcon.colcon_core.package_identification:_identify(rm_vision_ros2_galaxy_camera-master) by extension 'colcon_pkg'
[0.171s] Level 1:colcon.colcon_core.package_identification:_identify(rm_vision_ros2_galaxy_camera-master) by extensions ['colcon_meta']
[0.171s] Level 1:colcon.colcon_core.package_identification:_identify(rm_vision_ros2_galaxy_camera-master) by extension 'colcon_meta'
[0.171s] Level 1:colcon.colcon_core.package_identification:_identify(rm_vision_ros2_galaxy_camera-master) by extensions ['ros']
[0.171s] Level 1:colcon.colcon_core.package_identification:_identify(rm_vision_ros2_galaxy_camera-master) by extension 'ros'
[0.172s] DEBUG:colcon.colcon_core.package_identification:Package 'rm_vision_ros2_galaxy_camera-master' with type 'ros.ament_cmake' and name 'galaxy_camera'
[0.172s] Level 1:colcon.colcon_core.package_identification:_identify(test_rune) by extensions ['ignore', 'ignore_ament_install']
[0.172s] Level 1:colcon.colcon_core.package_identification:_identify(test_rune) by extension 'ignore'
[0.172s] Level 1:colcon.colcon_core.package_identification:_identify(test_rune) by extension 'ignore_ament_install'
[0.172s] Level 1:colcon.colcon_core.package_identification:_identify(test_rune) by extensions ['colcon_pkg']
[0.172s] Level 1:colcon.colcon_core.package_identification:_identify(test_rune) by extension 'colcon_pkg'
[0.172s] Level 1:colcon.colcon_core.package_identification:_identify(test_rune) by extensions ['colcon_meta']
[0.172s] Level 1:colcon.colcon_core.package_identification:_identify(test_rune) by extension 'colcon_meta'
[0.172s] Level 1:colcon.colcon_core.package_identification:_identify(test_rune) by extensions ['ros']
[0.172s] Level 1:colcon.colcon_core.package_identification:_identify(test_rune) by extension 'ros'
[0.173s] DEBUG:colcon.colcon_core.package_identification:Package 'test_rune' with type 'ros.ament_cmake' and name 'test_rune_bringup'
[0.173s] Level 1:colcon.colcon_core.package_discovery:discover_packages(recursive) using defaults
[0.173s] Level 1:colcon.colcon_core.package_discovery:discover_packages(ignore) discover
[0.173s] Level 1:colcon.colcon_core.package_discovery:discover_packages(ignore) using defaults
[0.173s] Level 1:colcon.colcon_core.package_discovery:discover_packages(path) discover
[0.173s] Level 1:colcon.colcon_core.package_discovery:discover_packages(path) using defaults
[0.185s] Level 1:colcon.colcon_core.package_discovery:discover_packages(prefix_path) check parameters
[0.185s] Level 1:colcon.colcon_core.package_discovery:discover_packages(prefix_path) discover
[0.186s] DEBUG:colcon.colcon_installed_package_information.package_discovery:Found 331 installed packages in /opt/ros/humble
[0.194s] Level 1:colcon.colcon_core.package_discovery:discover_packages(prefix_path) using defaults
[0.217s] Level 5:colcon.colcon_core.verb:set package 'galaxy_camera' build argument 'cmake_args' from command line to 'None'
[0.217s] Level 5:colcon.colcon_core.verb:set package 'galaxy_camera' build argument 'cmake_target' from command line to 'None'
[0.217s] Level 5:colcon.colcon_core.verb:set package 'galaxy_camera' build argument 'cmake_target_skip_unavailable' from command line to 'False'
[0.217s] Level 5:colcon.colcon_core.verb:set package 'galaxy_camera' build argument 'cmake_clean_cache' from command line to 'False'
[0.217s] Level 5:colcon.colcon_core.verb:set package 'galaxy_camera' build argument 'cmake_clean_first' from command line to 'False'
[0.217s] Level 5:colcon.colcon_core.verb:set package 'galaxy_camera' build argument 'cmake_force_configure' from command line to 'False'
[0.217s] Level 5:colcon.colcon_core.verb:set package 'galaxy_camera' build argument 'ament_cmake_args' from command line to 'None'
[0.217s] Level 5:colcon.colcon_core.verb:set package 'galaxy_camera' build argument 'catkin_cmake_args' from command line to 'None'
[0.217s] Level 5:colcon.colcon_core.verb:set package 'galaxy_camera' build argument 'catkin_skip_building_tests' from command line to 'False'
[0.217s] DEBUG:colcon.colcon_core.verb:Building package 'galaxy_camera' with the following arguments: {'ament_cmake_args': None, 'build_base': '/home/tars-go/Downloads/rune/build/galaxy_camera', 'catkin_cmake_args': None, 'catkin_skip_building_tests': False, 'cmake_args': None, 'cmake_clean_cache': False, 'cmake_clean_first': False, 'cmake_force_configure': False, 'cmake_target': None, 'cmake_target_skip_unavailable': False, 'install_base': '/home/tars-go/Downloads/rune/install/galaxy_camera', 'merge_install': False, 'path': '/home/tars-go/Downloads/rune/rm_vision_ros2_galaxy_camera-master', 'symlink_install': True, 'test_result_base': None}
[0.218s] Level 5:colcon.colcon_core.verb:set package 'power_rune' build argument 'cmake_args' from command line to 'None'
[0.218s] Level 5:colcon.colcon_core.verb:set package 'power_rune' build argument 'cmake_target' from command line to 'None'
[0.218s] Level 5:colcon.colcon_core.verb:set package 'power_rune' build argument 'cmake_target_skip_unavailable' from command line to 'False'
[0.218s] Level 5:colcon.colcon_core.verb:set package 'power_rune' build argument 'cmake_clean_cache' from command line to 'False'
[0.218s] Level 5:colcon.colcon_core.verb:set package 'power_rune' build argument 'cmake_clean_first' from command line to 'False'
[0.218s] Level 5:colcon.colcon_core.verb:set package 'power_rune' build argument 'cmake_force_configure' from command line to 'False'
[0.218s] Level 5:colcon.colcon_core.verb:set package 'power_rune' build argument 'ament_cmake_args' from command line to 'None'
[0.218s] Level 5:colcon.colcon_core.verb:set package 'power_rune' build argument 'catkin_cmake_args' from command line to 'None'
[0.218s] Level 5:colcon.colcon_core.verb:set package 'power_rune' build argument 'catkin_skip_building_tests' from command line to 'False'
[0.218s] DEBUG:colcon.colcon_core.verb:Building package 'power_rune' with the following arguments: {'ament_cmake_args': None, 'build_base': '/home/tars-go/Downloads/rune/build/power_rune', 'catkin_cmake_args': None, 'catkin_skip_building_tests': False, 'cmake_args': None, 'cmake_clean_cache': False, 'cmake_clean_first': False, 'cmake_force_configure': False, 'cmake_target': None, 'cmake_target_skip_unavailable': False, 'install_base': '/home/tars-go/Downloads/rune/install/power_rune', 'merge_install': False, 'path': '/home/tars-go/Downloads/rune/rm_power_rune-main', 'symlink_install': True, 'test_result_base': None}
[0.218s] Level 5:colcon.colcon_core.verb:set package 'test_rune_bringup' build argument 'cmake_args' from command line to 'None'
[0.218s] Level 5:colcon.colcon_core.verb:set package 'test_rune_bringup' build argument 'cmake_target' from command line to 'None'
[0.218s] Level 5:colcon.colcon_core.verb:set package 'test_rune_bringup' build argument 'cmake_target_skip_unavailable' from command line to 'False'
[0.218s] Level 5:colcon.colcon_core.verb:set package 'test_rune_bringup' build argument 'cmake_clean_cache' from command line to 'False'
[0.218s] Level 5:colcon.colcon_core.verb:set package 'test_rune_bringup' build argument 'cmake_clean_first' from command line to 'False'
[0.218s] Level 5:colcon.colcon_core.verb:set package 'test_rune_bringup' build argument 'cmake_force_configure' from command line to 'False'
[0.218s] Level 5:colcon.colcon_core.verb:set package 'test_rune_bringup' build argument 'ament_cmake_args' from command line to 'None'
[0.218s] Level 5:colcon.colcon_core.verb:set package 'test_rune_bringup' build argument 'catkin_cmake_args' from command line to 'None'
[0.218s] Level 5:colcon.colcon_core.verb:set package 'test_rune_bringup' build argument 'catkin_skip_building_tests' from command line to 'False'
[0.218s] DEBUG:colcon.colcon_core.verb:Building package 'test_rune_bringup' with the following arguments: {'ament_cmake_args': None, 'build_base': '/home/tars-go/Downloads/rune/build/test_rune_bringup', 'catkin_cmake_args': None, 'catkin_skip_building_tests': False, 'cmake_args': None, 'cmake_clean_cache': False, 'cmake_clean_first': False, 'cmake_force_configure': False, 'cmake_target': None, 'cmake_target_skip_unavailable': False, 'install_base': '/home/tars-go/Downloads/rune/install/test_rune_bringup', 'merge_install': False, 'path': '/home/tars-go/Downloads/rune/test_rune', 'symlink_install': True, 'test_result_base': None}
[0.218s] INFO:colcon.colcon_core.executor:Executing jobs using 'parallel' executor
[0.219s] DEBUG:colcon.colcon_parallel_executor.executor.parallel:run_until_complete
[0.219s] INFO:colcon.colcon_ros.task.ament_cmake.build:Building ROS package in '/home/tars-go/Downloads/rune/rm_power_rune-main' with build type 'ament_cmake'
[0.219s] INFO:colcon.colcon_cmake.task.cmake.build:Building CMake package in '/home/tars-go/Downloads/rune/rm_power_rune-main'
[0.221s] INFO:colcon.colcon_core.plugin_system:Skipping extension 'colcon_core.shell.bat': Not used on non-Windows systems
[0.221s] INFO:colcon.colcon_core.shell:Skip shell extension 'powershell' for command environment: Not usable outside of PowerShell
[0.221s] DEBUG:colcon.colcon_core.shell:Skip shell extension 'dsv' for command environment
[0.223s] INFO:colcon.colcon_ros.task.ament_cmake.build:Building ROS package in '/home/tars-go/Downloads/rune/rm_vision_ros2_galaxy_camera-master' with build type 'ament_cmake'
[0.223s] INFO:colcon.colcon_cmake.task.cmake.build:Building CMake package in '/home/tars-go/Downloads/rune/rm_vision_ros2_galaxy_camera-master'
[0.223s] INFO:colcon.colcon_core.shell:Skip shell extension 'powershell' for command environment: Not usable outside of PowerShell
[0.223s] DEBUG:colcon.colcon_core.shell:Skip shell extension 'dsv' for command environment
[0.228s] DEBUG:colcon.colcon_core.event_handler.log_command:Invoking command in '/home/tars-go/Downloads/rune/build/power_rune': CMAKE_PREFIX_PATH=/opt/ros/humble /usr/local/bin/cmake --build /home/tars-go/Downloads/rune/build/power_rune -- -j16 -l16
[0.230s] DEBUG:colcon.colcon_core.event_handler.log_command:Invoking command in '/home/tars-go/Downloads/rune/build/galaxy_camera': CMAKE_PREFIX_PATH=/opt/ros/humble /usr/local/bin/cmake --build /home/tars-go/Downloads/rune/build/galaxy_camera -- -j16 -l16
[0.251s] DEBUG:colcon.colcon_core.event_handler.log_command:Invoked command in '/home/tars-go/Downloads/rune/build/galaxy_camera' returned '0': CMAKE_PREFIX_PATH=/opt/ros/humble /usr/local/bin/cmake --build /home/tars-go/Downloads/rune/build/galaxy_camera -- -j16 -l16
[0.266s] DEBUG:colcon.colcon_core.event_handler.log_command:Invoking command in '/home/tars-go/Downloads/rune/build/galaxy_camera': CMAKE_PREFIX_PATH=/opt/ros/humble /usr/local/bin/cmake --install /home/tars-go/Downloads/rune/build/galaxy_camera
[0.274s] Level 1:colcon.colcon_core.environment:create_environment_scripts_only(galaxy_camera)
[0.275s] DEBUG:colcon.colcon_core.event_handler.log_command:Invoked command in '/home/tars-go/Downloads/rune/build/galaxy_camera' returned '0': CMAKE_PREFIX_PATH=/opt/ros/humble /usr/local/bin/cmake --install /home/tars-go/Downloads/rune/build/galaxy_camera
[0.276s] Level 1:colcon.colcon_core.environment:checking '/home/tars-go/Downloads/rune/install/galaxy_camera' for CMake module files
[0.277s] Level 1:colcon.colcon_core.environment:checking '/home/tars-go/Downloads/rune/install/galaxy_camera' for CMake config files
[0.277s] Level 1:colcon.colcon_core.shell:create_environment_hook('galaxy_camera', 'cmake_prefix_path')
[0.277s] INFO:colcon.colcon_core.shell:Creating environment hook '/home/tars-go/Downloads/rune/install/galaxy_camera/share/galaxy_camera/hook/cmake_prefix_path.ps1'
[0.278s] INFO:colcon.colcon_core.shell:Creating environment descriptor '/home/tars-go/Downloads/rune/install/galaxy_camera/share/galaxy_camera/hook/cmake_prefix_path.dsv'
[0.278s] INFO:colcon.colcon_core.shell:Creating environment hook '/home/tars-go/Downloads/rune/install/galaxy_camera/share/galaxy_camera/hook/cmake_prefix_path.sh'
[0.279s] Level 1:colcon.colcon_core.environment:checking '/home/tars-go/Downloads/rune/install/galaxy_camera/lib'
[0.279s] Level 1:colcon.colcon_core.shell:create_environment_hook('galaxy_camera', 'ld_library_path_lib')
[0.279s] INFO:colcon.colcon_core.shell:Creating environment hook '/home/tars-go/Downloads/rune/install/galaxy_camera/share/galaxy_camera/hook/ld_library_path_lib.ps1'
[0.279s] INFO:colcon.colcon_core.shell:Creating environment descriptor '/home/tars-go/Downloads/rune/install/galaxy_camera/share/galaxy_camera/hook/ld_library_path_lib.dsv'
[0.279s] INFO:colcon.colcon_core.shell:Creating environment hook '/home/tars-go/Downloads/rune/install/galaxy_camera/share/galaxy_camera/hook/ld_library_path_lib.sh'
[0.279s] Level 1:colcon.colcon_core.environment:checking '/home/tars-go/Downloads/rune/install/galaxy_camera/bin'
[0.279s] Level 1:colcon.colcon_core.environment:checking '/home/tars-go/Downloads/rune/install/galaxy_camera/lib/pkgconfig/galaxy_camera.pc'
[0.280s] Level 1:colcon.colcon_core.environment:checking '/home/tars-go/Downloads/rune/install/galaxy_camera/lib/python3.10/site-packages'
[0.280s] Level 1:colcon.colcon_core.environment:checking '/home/tars-go/Downloads/rune/install/galaxy_camera/bin'
[0.280s] INFO:colcon.colcon_core.shell:Creating package script '/home/tars-go/Downloads/rune/install/galaxy_camera/share/galaxy_camera/package.ps1'
[0.280s] INFO:colcon.colcon_core.shell:Creating package descriptor '/home/tars-go/Downloads/rune/install/galaxy_camera/share/galaxy_camera/package.dsv'
[0.281s] INFO:colcon.colcon_core.shell:Creating package script '/home/tars-go/Downloads/rune/install/galaxy_camera/share/galaxy_camera/package.sh'
[0.281s] INFO:colcon.colcon_core.shell:Creating package script '/home/tars-go/Downloads/rune/install/galaxy_camera/share/galaxy_camera/package.bash'
[0.281s] INFO:colcon.colcon_core.shell:Creating package script '/home/tars-go/Downloads/rune/install/galaxy_camera/share/galaxy_camera/package.zsh'
[0.282s] Level 1:colcon.colcon_core.environment:create_file_with_runtime_dependencies(/home/tars-go/Downloads/rune/install/galaxy_camera/share/colcon-core/packages/galaxy_camera)
[0.295s] Level 1:colcon.colcon_core.environment:create_environment_scripts_only(galaxy_camera)
[0.296s] Level 1:colcon.colcon_core.environment:checking '/home/tars-go/Downloads/rune/install/galaxy_camera' for CMake module files
[0.296s] Level 1:colcon.colcon_core.environment:checking '/home/tars-go/Downloads/rune/install/galaxy_camera' for CMake config files
[0.296s] Level 1:colcon.colcon_core.shell:create_environment_hook('galaxy_camera', 'cmake_prefix_path')
[0.296s] INFO:colcon.colcon_core.shell:Creating environment hook '/home/tars-go/Downloads/rune/install/galaxy_camera/share/galaxy_camera/hook/cmake_prefix_path.ps1'
[0.297s] INFO:colcon.colcon_core.shell:Creating environment descriptor '/home/tars-go/Downloads/rune/install/galaxy_camera/share/galaxy_camera/hook/cmake_prefix_path.dsv'
[0.297s] INFO:colcon.colcon_core.shell:Creating environment hook '/home/tars-go/Downloads/rune/install/galaxy_camera/share/galaxy_camera/hook/cmake_prefix_path.sh'
[0.297s] Level 1:colcon.colcon_core.environment:checking '/home/tars-go/Downloads/rune/install/galaxy_camera/lib'
[0.297s] Level 1:colcon.colcon_core.shell:create_environment_hook('galaxy_camera', 'ld_library_path_lib')
[0.297s] INFO:colcon.colcon_core.shell:Creating environment hook '/home/tars-go/Downloads/rune/install/galaxy_camera/share/galaxy_camera/hook/ld_library_path_lib.ps1'
[0.298s] INFO:colcon.colcon_core.shell:Creating environment descriptor '/home/tars-go/Downloads/rune/install/galaxy_camera/share/galaxy_camera/hook/ld_library_path_lib.dsv'
[0.298s] INFO:colcon.colcon_core.shell:Creating environment hook '/home/tars-go/Downloads/rune/install/galaxy_camera/share/galaxy_camera/hook/ld_library_path_lib.sh'
[0.298s] Level 1:colcon.colcon_core.environment:checking '/home/tars-go/Downloads/rune/install/galaxy_camera/bin'
[0.298s] Level 1:colcon.colcon_core.environment:checking '/home/tars-go/Downloads/rune/install/galaxy_camera/lib/pkgconfig/galaxy_camera.pc'
[0.298s] Level 1:colcon.colcon_core.environment:checking '/home/tars-go/Downloads/rune/install/galaxy_camera/lib/python3.10/site-packages'
[0.299s] Level 1:colcon.colcon_core.environment:checking '/home/tars-go/Downloads/rune/install/galaxy_camera/bin'
[0.299s] INFO:colcon.colcon_core.shell:Creating package script '/home/tars-go/Downloads/rune/install/galaxy_camera/share/galaxy_camera/package.ps1'
[0.299s] INFO:colcon.colcon_core.shell:Creating package descriptor '/home/tars-go/Downloads/rune/install/galaxy_camera/share/galaxy_camera/package.dsv'
[0.299s] INFO:colcon.colcon_core.shell:Creating package script '/home/tars-go/Downloads/rune/install/galaxy_camera/share/galaxy_camera/package.sh'
[0.299s] INFO:colcon.colcon_core.shell:Creating package script '/home/tars-go/Downloads/rune/install/galaxy_camera/share/galaxy_camera/package.bash'
[0.300s] INFO:colcon.colcon_core.shell:Creating package script '/home/tars-go/Downloads/rune/install/galaxy_camera/share/galaxy_camera/package.zsh'
[0.300s] Level 1:colcon.colcon_core.environment:create_file_with_runtime_dependencies(/home/tars-go/Downloads/rune/install/galaxy_camera/share/colcon-core/packages/galaxy_camera)
[0.455s] DEBUG:colcon.colcon_core.event_handler.log_command:Invoked command in '/home/tars-go/Downloads/rune/build/power_rune' returned '2': CMAKE_PREFIX_PATH=/opt/ros/humble /usr/local/bin/cmake --build /home/tars-go/Downloads/rune/build/power_rune -- -j16 -l16
[0.474s] Level 1:colcon.colcon_core.environment:create_environment_scripts_only(power_rune)
[0.474s] Level 1:colcon.colcon_core.environment:checking '/home/tars-go/Downloads/rune/install/power_rune' for CMake module files
[0.474s] Level 1:colcon.colcon_core.environment:checking '/home/tars-go/Downloads/rune/install/power_rune' for CMake config files
[0.475s] Level 1:colcon.colcon_core.environment:checking '/home/tars-go/Downloads/rune/install/power_rune/bin'
[0.475s] Level 1:colcon.colcon_core.environment:checking '/home/tars-go/Downloads/rune/install/power_rune/lib/pkgconfig/power_rune.pc'
[0.475s] Level 1:colcon.colcon_core.environment:checking '/home/tars-go/Downloads/rune/install/power_rune/lib/python3.10/site-packages'
[0.475s] Level 1:colcon.colcon_core.environment:checking '/home/tars-go/Downloads/rune/install/power_rune/bin'
[0.475s] INFO:colcon.colcon_core.shell:Creating package script '/home/tars-go/Downloads/rune/install/power_rune/share/power_rune/package.ps1'
[0.476s] INFO:colcon.colcon_core.shell:Creating package descriptor '/home/tars-go/Downloads/rune/install/power_rune/share/power_rune/package.dsv'
[0.476s] INFO:colcon.colcon_core.shell:Creating package script '/home/tars-go/Downloads/rune/install/power_rune/share/power_rune/package.sh'
[0.476s] INFO:colcon.colcon_core.shell:Creating package script '/home/tars-go/Downloads/rune/install/power_rune/share/power_rune/package.bash'
[0.477s] INFO:colcon.colcon_core.shell:Creating package script '/home/tars-go/Downloads/rune/install/power_rune/share/power_rune/package.zsh'
[0.477s] Level 1:colcon.colcon_core.environment:create_file_with_runtime_dependencies(/home/tars-go/Downloads/rune/install/power_rune/share/colcon-core/packages/power_rune)
[0.487s] DEBUG:colcon.colcon_parallel_executor.executor.parallel:closing loop
[0.488s] DEBUG:colcon.colcon_parallel_executor.executor.parallel:loop closed
[0.488s] DEBUG:colcon.colcon_parallel_executor.executor.parallel:run_until_complete finished with '2'
[0.488s] DEBUG:colcon.colcon_core.event_reactor:joining thread
[0.491s] INFO:colcon.colcon_core.plugin_system:Skipping extension 'colcon_notification.desktop_notification.terminal_notifier': Not used on non-Darwin systems
[0.491s] INFO:colcon.colcon_core.plugin_system:Skipping extension 'colcon_notification.desktop_notification.win32': Not used on non-Windows systems
[0.491s] INFO:colcon.colcon_notification.desktop_notification:Sending desktop notification using 'notify2'
[0.501s] DEBUG:colcon.colcon_core.event_reactor:joined thread
[0.502s] INFO:colcon.colcon_core.shell:Creating prefix script '/home/tars-go/Downloads/rune/install/local_setup.ps1'
[0.503s] INFO:colcon.colcon_core.shell:Creating prefix util module '/home/tars-go/Downloads/rune/install/_local_setup_util_ps1.py'
[0.504s] INFO:colcon.colcon_core.shell:Creating prefix chain script '/home/tars-go/Downloads/rune/install/setup.ps1'
[0.505s] INFO:colcon.colcon_core.shell:Creating prefix script '/home/tars-go/Downloads/rune/install/local_setup.sh'
[0.505s] INFO:colcon.colcon_core.shell:Creating prefix util module '/home/tars-go/Downloads/rune/install/_local_setup_util_sh.py'
[0.506s] INFO:colcon.colcon_core.shell:Creating prefix chain script '/home/tars-go/Downloads/rune/install/setup.sh'
[0.507s] INFO:colcon.colcon_core.shell:Creating prefix script '/home/tars-go/Downloads/rune/install/local_setup.bash'
[0.507s] INFO:colcon.colcon_core.shell:Creating prefix chain script '/home/tars-go/Downloads/rune/install/setup.bash'
[0.507s] INFO:colcon.colcon_core.shell:Creating prefix script '/home/tars-go/Downloads/rune/install/local_setup.zsh'
[0.507s] INFO:colcon.colcon_core.shell:Creating prefix chain script '/home/tars-go/Downloads/rune/install/setup.zsh'
